###############################################################################
#
# IAR ELF Linker V7.30.4.8167/W32 for ARM                 06/May/2015  20:52:45
# Copyright 2007-2014 IAR Systems AB.
#
#    Output file  =  
#        Z:\USB2WiFi\MICO-master\Build\COM.MXCHIP.SPP\Output\MiCOKit-3162\COM.MXCHIP.SPP.out
#    Map file     =  
#        Z:\USB2WiFi\MICO-master\Build\COM.MXCHIP.SPP\MiCOKit-3162\list_EWARM\COM.MXCHIP.SPP.map
#    Command line =  
#        Z:\USB2WiFi\MICO-master\Build\COM.MXCHIP.SPP\MiCOKit-3162\obj_EWARM\AESUtils.o
#        Z:\USB2WiFi\MICO-master\Build\COM.MXCHIP.SPP\MiCOKit-3162\obj_EWARM\Airkiss.o
#        Z:\USB2WiFi\MICO-master\MICO\Airkiss\Airkiss_CM3_Debug.a
#        Z:\USB2WiFi\MICO-master\Build\COM.MXCHIP.SPP\MiCOKit-3162\obj_EWARM\arraylist.o
#        Z:\USB2WiFi\MICO-master\Build\COM.MXCHIP.SPP\MiCOKit-3162\obj_EWARM\crt0_EWARM.o
#        Z:\USB2WiFi\MICO-master\Build\COM.MXCHIP.SPP\MiCOKit-3162\obj_EWARM\curve25519-donna.o
#        Z:\USB2WiFi\MICO-master\Build\COM.MXCHIP.SPP\MiCOKit-3162\obj_EWARM\debug.o
#        Z:\USB2WiFi\MICO-master\Build\COM.MXCHIP.SPP\MiCOKit-3162\obj_EWARM\EasyLink.o
#        Z:\USB2WiFi\MICO-master\Build\COM.MXCHIP.SPP\MiCOKit-3162\obj_EWARM\EasyLinkSoftAP.o
#        Z:\USB2WiFi\MICO-master\Build\COM.MXCHIP.SPP\MiCOKit-3162\obj_EWARM\hardfault.o
#        Z:\USB2WiFi\MICO-master\Build\COM.MXCHIP.SPP\MiCOKit-3162\obj_EWARM\hkdf.o
#        Z:\USB2WiFi\MICO-master\Build\COM.MXCHIP.SPP\MiCOKit-3162\obj_EWARM\hmac.o
#        Z:\USB2WiFi\MICO-master\Build\COM.MXCHIP.SPP\MiCOKit-3162\obj_EWARM\HTTPUtils.o
#        Z:\USB2WiFi\MICO-master\Build\COM.MXCHIP.SPP\MiCOKit-3162\obj_EWARM\json_object.o
#        Z:\USB2WiFi\MICO-master\Build\COM.MXCHIP.SPP\MiCOKit-3162\obj_EWARM\json_tokener.o
#        Z:\USB2WiFi\MICO-master\Build\COM.MXCHIP.SPP\MiCOKit-3162\obj_EWARM\json_util.o
#        Z:\USB2WiFi\MICO-master\Build\COM.MXCHIP.SPP\MiCOKit-3162\obj_EWARM\linkhash.o
#        Z:\USB2WiFi\MICO-master\Build\COM.MXCHIP.SPP\MiCOKit-3162\obj_EWARM\LocalTcpServer.o
#        Z:\USB2WiFi\MICO-master\Build\COM.MXCHIP.SPP\MiCOKit-3162\obj_EWARM\MDNSUtils.o
#        Z:\USB2WiFi\MICO-master\MICO\WAC\MFi_WAC_CM3_Debug.a
#        Z:\USB2WiFi\MICO-master\MICO\WAC\MFi_WAC_CM3_Release.a
#        Z:\USB2WiFi\MICO-master\Build\COM.MXCHIP.SPP\MiCOKit-3162\obj_EWARM\mico_platform_common.o
#        Z:\USB2WiFi\MICO-master\Build\COM.MXCHIP.SPP\MiCOKit-3162\obj_EWARM\MICOAppEntrance.o
#        Z:\USB2WiFi\MICO-master\Build\COM.MXCHIP.SPP\MiCOKit-3162\obj_EWARM\MICOBonjour.o
#        Z:\USB2WiFi\MICO-master\Build\COM.MXCHIP.SPP\MiCOKit-3162\obj_EWARM\MICOCli.o
#        Z:\USB2WiFi\MICO-master\Build\COM.MXCHIP.SPP\MiCOKit-3162\obj_EWARM\MICOConfig.o
#        Z:\USB2WiFi\MICO-master\Build\COM.MXCHIP.SPP\MiCOKit-3162\obj_EWARM\MICOConfigDelegate.o
#        Z:\USB2WiFi\MICO-master\Build\COM.MXCHIP.SPP\MiCOKit-3162\obj_EWARM\MICOConfigMenu.o
#        Z:\USB2WiFi\MICO-master\Build\COM.MXCHIP.SPP\MiCOKit-3162\obj_EWARM\MICOConfigServer.o
#        Z:\USB2WiFi\MICO-master\Platform\Drivers\MicoDriverMFiAuth\MicoDriverMFiAuth.a
#        Z:\USB2WiFi\MICO-master\Build\COM.MXCHIP.SPP\MiCOKit-3162\obj_EWARM\MICOEntrance.o
#        Z:\USB2WiFi\MICO-master\Build\COM.MXCHIP.SPP\MiCOKit-3162\obj_EWARM\MICOMfgtest.o
#        Z:\USB2WiFi\MICO-master\Build\COM.MXCHIP.SPP\MiCOKit-3162\obj_EWARM\MICONotificationCenter.o
#        Z:\USB2WiFi\MICO-master\Build\COM.MXCHIP.SPP\MiCOKit-3162\obj_EWARM\MICONTPClient.o
#        Z:\USB2WiFi\MICO-master\Build\COM.MXCHIP.SPP\MiCOKit-3162\obj_EWARM\MICOParaStorage.o
#        Z:\USB2WiFi\MICO-master\Build\COM.MXCHIP.SPP\MiCOKit-3162\obj_EWARM\MICOSystemMonitor.o
#        Z:\USB2WiFi\MICO-master\Build\COM.MXCHIP.SPP\MiCOKit-3162\obj_EWARM\misc.o
#        Z:\USB2WiFi\MICO-master\MICO\Library\mxchipWNet_cm3_sdio.a
#        Z:\USB2WiFi\MICO-master\Build\COM.MXCHIP.SPP\MiCOKit-3162\obj_EWARM\paltform_rtc.o
#        Z:\USB2WiFi\MICO-master\Build\COM.MXCHIP.SPP\MiCOKit-3162\obj_EWARM\platform.o
#        Z:\USB2WiFi\MICO-master\Build\COM.MXCHIP.SPP\MiCOKit-3162\obj_EWARM\platform_adc.o
#        Z:\USB2WiFi\MICO-master\Build\COM.MXCHIP.SPP\MiCOKit-3162\obj_EWARM\platform_flash.o
#        Z:\USB2WiFi\MICO-master\Build\COM.MXCHIP.SPP\MiCOKit-3162\obj_EWARM\platform_gpio.o
#        Z:\USB2WiFi\MICO-master\Build\COM.MXCHIP.SPP\MiCOKit-3162\obj_EWARM\platform_i2c.o
#        Z:\USB2WiFi\MICO-master\Build\COM.MXCHIP.SPP\MiCOKit-3162\obj_EWARM\platform_init.o
#        Z:\USB2WiFi\MICO-master\Build\COM.MXCHIP.SPP\MiCOKit-3162\obj_EWARM\platform_mcu_powersave.o
#        Z:\USB2WiFi\MICO-master\Build\COM.MXCHIP.SPP\MiCOKit-3162\obj_EWARM\platform_pwm.o
#        Z:\USB2WiFi\MICO-master\Build\COM.MXCHIP.SPP\MiCOKit-3162\obj_EWARM\platform_rng.o
#        Z:\USB2WiFi\MICO-master\Build\COM.MXCHIP.SPP\MiCOKit-3162\obj_EWARM\platform_spi.o
#        Z:\USB2WiFi\MICO-master\Build\COM.MXCHIP.SPP\MiCOKit-3162\obj_EWARM\platform_uart.o
#        Z:\USB2WiFi\MICO-master\Build\COM.MXCHIP.SPP\MiCOKit-3162\obj_EWARM\platform_watchdog.o
#        Z:\USB2WiFi\MICO-master\Build\COM.MXCHIP.SPP\MiCOKit-3162\obj_EWARM\printbuf.o
#        Z:\USB2WiFi\MICO-master\Build\COM.MXCHIP.SPP\MiCOKit-3162\obj_EWARM\read_wifi_firmware.o
#        Z:\USB2WiFi\MICO-master\Build\COM.MXCHIP.SPP\MiCOKit-3162\obj_EWARM\RemoteTcpClient.o
#        Z:\USB2WiFi\MICO-master\Build\COM.MXCHIP.SPP\MiCOKit-3162\obj_EWARM\Retarget.o
#        Z:\USB2WiFi\MICO-master\Build\COM.MXCHIP.SPP\MiCOKit-3162\obj_EWARM\RingBufferUtils.o
#        Z:\USB2WiFi\MICO-master\Build\COM.MXCHIP.SPP\MiCOKit-3162\obj_EWARM\SecurityUtils.o
#        Z:\USB2WiFi\MICO-master\Build\COM.MXCHIP.SPP\MiCOKit-3162\obj_EWARM\sha1.o
#        Z:\USB2WiFi\MICO-master\Build\COM.MXCHIP.SPP\MiCOKit-3162\obj_EWARM\sha224-256.o
#        Z:\USB2WiFi\MICO-master\Build\COM.MXCHIP.SPP\MiCOKit-3162\obj_EWARM\sha384-512.o
#        Z:\USB2WiFi\MICO-master\Build\COM.MXCHIP.SPP\MiCOKit-3162\obj_EWARM\SHAUtils.o
#        Z:\USB2WiFi\MICO-master\Build\COM.MXCHIP.SPP\MiCOKit-3162\obj_EWARM\SocketUtils.o
#        Z:\USB2WiFi\MICO-master\Build\COM.MXCHIP.SPP\MiCOKit-3162\obj_EWARM\spi_flash.o
#        Z:\USB2WiFi\MICO-master\Build\COM.MXCHIP.SPP\MiCOKit-3162\obj_EWARM\spi_flash_platform.o
#        Z:\USB2WiFi\MICO-master\Build\COM.MXCHIP.SPP\MiCOKit-3162\obj_EWARM\SppProtocol.o
#        Z:\USB2WiFi\MICO-master\Build\COM.MXCHIP.SPP\MiCOKit-3162\obj_EWARM\startup_stm32f2xx_EWARM.o
#        Z:\USB2WiFi\MICO-master\Build\COM.MXCHIP.SPP\MiCOKit-3162\obj_EWARM\stm32f2xx_adc.o
#        Z:\USB2WiFi\MICO-master\Build\COM.MXCHIP.SPP\MiCOKit-3162\obj_EWARM\stm32f2xx_can.o
#        Z:\USB2WiFi\MICO-master\Build\COM.MXCHIP.SPP\MiCOKit-3162\obj_EWARM\stm32f2xx_crc.o
#        Z:\USB2WiFi\MICO-master\Build\COM.MXCHIP.SPP\MiCOKit-3162\obj_EWARM\stm32f2xx_cryp.o
#        Z:\USB2WiFi\MICO-master\Build\COM.MXCHIP.SPP\MiCOKit-3162\obj_EWARM\stm32f2xx_cryp_aes.o
#        Z:\USB2WiFi\MICO-master\Build\COM.MXCHIP.SPP\MiCOKit-3162\obj_EWARM\stm32f2xx_cryp_des.o
#        Z:\USB2WiFi\MICO-master\Build\COM.MXCHIP.SPP\MiCOKit-3162\obj_EWARM\stm32f2xx_cryp_tdes.o
#        Z:\USB2WiFi\MICO-master\Build\COM.MXCHIP.SPP\MiCOKit-3162\obj_EWARM\stm32f2xx_dac.o
#        Z:\USB2WiFi\MICO-master\Build\COM.MXCHIP.SPP\MiCOKit-3162\obj_EWARM\stm32f2xx_dbgmcu.o
#        Z:\USB2WiFi\MICO-master\Build\COM.MXCHIP.SPP\MiCOKit-3162\obj_EWARM\stm32f2xx_dcmi.o
#        Z:\USB2WiFi\MICO-master\Build\COM.MXCHIP.SPP\MiCOKit-3162\obj_EWARM\stm32f2xx_dma.o
#        Z:\USB2WiFi\MICO-master\Build\COM.MXCHIP.SPP\MiCOKit-3162\obj_EWARM\stm32f2xx_exti.o
#        Z:\USB2WiFi\MICO-master\Build\COM.MXCHIP.SPP\MiCOKit-3162\obj_EWARM\stm32f2xx_flash.o
#        Z:\USB2WiFi\MICO-master\Build\COM.MXCHIP.SPP\MiCOKit-3162\obj_EWARM\stm32f2xx_fsmc.o
#        Z:\USB2WiFi\MICO-master\Build\COM.MXCHIP.SPP\MiCOKit-3162\obj_EWARM\stm32f2xx_gpio.o
#        Z:\USB2WiFi\MICO-master\Build\COM.MXCHIP.SPP\MiCOKit-3162\obj_EWARM\stm32f2xx_hal.o
#        Z:\USB2WiFi\MICO-master\Build\COM.MXCHIP.SPP\MiCOKit-3162\obj_EWARM\stm32f2xx_hal_hcd.o
#        Z:\USB2WiFi\MICO-master\Build\COM.MXCHIP.SPP\MiCOKit-3162\obj_EWARM\stm32f2xx_hash.o
#        Z:\USB2WiFi\MICO-master\Build\COM.MXCHIP.SPP\MiCOKit-3162\obj_EWARM\stm32f2xx_hash_md5.o
#        Z:\USB2WiFi\MICO-master\Build\COM.MXCHIP.SPP\MiCOKit-3162\obj_EWARM\stm32f2xx_hash_sha1.o
#        Z:\USB2WiFi\MICO-master\Build\COM.MXCHIP.SPP\MiCOKit-3162\obj_EWARM\stm32f2xx_i2c.o
#        Z:\USB2WiFi\MICO-master\Build\COM.MXCHIP.SPP\MiCOKit-3162\obj_EWARM\stm32f2xx_iwdg.o
#        Z:\USB2WiFi\MICO-master\Build\COM.MXCHIP.SPP\MiCOKit-3162\obj_EWARM\stm32f2xx_ll_usb.o
#        Z:\USB2WiFi\MICO-master\Build\COM.MXCHIP.SPP\MiCOKit-3162\obj_EWARM\stm32f2xx_pwr.o
#        Z:\USB2WiFi\MICO-master\Build\COM.MXCHIP.SPP\MiCOKit-3162\obj_EWARM\stm32f2xx_rcc.o
#        Z:\USB2WiFi\MICO-master\Build\COM.MXCHIP.SPP\MiCOKit-3162\obj_EWARM\stm32f2xx_rng.o
#        Z:\USB2WiFi\MICO-master\Build\COM.MXCHIP.SPP\MiCOKit-3162\obj_EWARM\stm32f2xx_rtc.o
#        Z:\USB2WiFi\MICO-master\Build\COM.MXCHIP.SPP\MiCOKit-3162\obj_EWARM\stm32f2xx_sdio.o
#        Z:\USB2WiFi\MICO-master\Build\COM.MXCHIP.SPP\MiCOKit-3162\obj_EWARM\stm32f2xx_spi.o
#        Z:\USB2WiFi\MICO-master\Build\COM.MXCHIP.SPP\MiCOKit-3162\obj_EWARM\stm32f2xx_syscfg.o
#        Z:\USB2WiFi\MICO-master\Build\COM.MXCHIP.SPP\MiCOKit-3162\obj_EWARM\stm32f2xx_tim.o
#        Z:\USB2WiFi\MICO-master\Build\COM.MXCHIP.SPP\MiCOKit-3162\obj_EWARM\stm32f2xx_usart.o
#        Z:\USB2WiFi\MICO-master\Build\COM.MXCHIP.SPP\MiCOKit-3162\obj_EWARM\stm32f2xx_wwdg.o
#        Z:\USB2WiFi\MICO-master\Build\COM.MXCHIP.SPP\MiCOKit-3162\obj_EWARM\StringUtils.o
#        Z:\USB2WiFi\MICO-master\Build\COM.MXCHIP.SPP\MiCOKit-3162\obj_EWARM\TimeUtils.o
#        Z:\USB2WiFi\MICO-master\Build\COM.MXCHIP.SPP\MiCOKit-3162\obj_EWARM\TLVUtils.o
#        Z:\USB2WiFi\MICO-master\Build\COM.MXCHIP.SPP\MiCOKit-3162\obj_EWARM\UartRecv.o
#        Z:\USB2WiFi\MICO-master\Build\COM.MXCHIP.SPP\MiCOKit-3162\obj_EWARM\URLUtils.o
#        Z:\USB2WiFi\MICO-master\Build\COM.MXCHIP.SPP\MiCOKit-3162\obj_EWARM\usha.o
#        Z:\USB2WiFi\MICO-master\Build\COM.MXCHIP.SPP\MiCOKit-3162\obj_EWARM\wlan_bus_sdio.o
#        Z:\USB2WiFi\MICO-master\Build\COM.MXCHIP.SPP\MiCOKit-3162\obj_EWARM\wlan_firmware.o
#        Z:\USB2WiFi\MICO-master\Build\COM.MXCHIP.SPP\MiCOKit-3162\obj_EWARM\wlan_platform_common.o
#        Z:\USB2WiFi\MICO-master\Build\COM.MXCHIP.SPP\MiCOKit-3162\obj_EWARM\WPS.o
#        --redirect _Printf=_PrintfFull --redirect _Scanf=_ScanfFull -o
#        Z:\USB2WiFi\MICO-master\Build\COM.MXCHIP.SPP\Output\MiCOKit-3162\COM.MXCHIP.SPP.out
#        --map
#        Z:\USB2WiFi\MICO-master\Build\COM.MXCHIP.SPP\MiCOKit-3162\list_EWARM\COM.MXCHIP.SPP.map
#        --config
#        Z:\USB2WiFi\MICO-master\Projects\STM32F2xx\COM.MXCHIP.SPP\EWARM\..\..\..\..\Board\MiCOKit-3162\micoLinkerForIAR.icf
#        --semihosting --entry __iar_program_start --vfe --threaded_lib
#
###############################################################################

*******************************************************************************
*** RUNTIME MODEL ATTRIBUTES
***

CppFlavor                     = *
__Heap_Handler                = DLMalloc
__SystemLibrary               = DLib
__dlib_dynamic_initialization = normal


*******************************************************************************
*** PLACEMENT SUMMARY
***

"A1":  place at 0x0800c000 { ro section .intvec };
"P1":  place in [from 0x0800c000 to 0x080fffff] { ro };
"P2":  place in [from 0x20000000 to 0x2001ffff] { rw, block CSTACK, block HEAP };

  Section              Kind        Address     Size  Object
  -------              ----        -------     ----  ------
"A1":                                         0x184
  .intvec                       0x0800c000    0x184  <Block>
    .intvec            ro code  0x0800c000    0x184  startup_stm32f2xx_EWARM.o [1]
                              - 0x0800c184    0x184

"P1":                                       0x37d95
  .text                ro code  0x0800c184   0x2590  dlmalloc.o [5]
  .text                ro code  0x0800e714      0x6  abort.o [3]
  .text                ro code  0x0800e71a     0x22  zero_init3.o [6]
  .text                ro code  0x0800e73c      0x6  ABImemclr4.o [6]
  .text                ro code  0x0800e742     0x20  xsyslock.o [3]
  .text                ro code  0x0800e762     0x1e  xsscin.o [3]
  .text                ro code  0x0800e780     0x76  ABImemcpy_unaligned.o [6]
  .text                ro code  0x0800e7f6     0x1a  xsnprout.o [3]
  .text                ro code  0x0800e810     0x2c  xgetmemchunk.o [3]
  .text                ro code  0x0800e83c     0x66  ABImemset.o [6]
  .text                ro code  0x0800e8a2      0xa  xsprout.o [3]
  .text                ro code  0x0800e8ac     0x14  exit.o [7]
  .text                ro code  0x0800e8c0     0x3a  ABImemset48.o [6]
  .text                ro code  0x0800e8fc    0x15c  xsyslock_mtx.o [3]
  .text                ro code  0x0800ea58     0x1c  iar_mutex.o [5]
  .text                ro code  0x0800ea74    0xba8  tasks.o [5]
  .text                ro code  0x0800f61c     0xd0  port.o [5]
  .text                ro code  0x0800f6ec     0x9a  list.o [5]
  .text                ro code  0x0800f788    0x370  ostimers.o [5]
  CODE                 ro code  0x0800faf8     0x90  portasm.o [5]
  .text                ro code  0x0800fb88     0x1c  strcat.o [3]
  .text                ro code  0x0800fba4    0x130  wwd_rtos.o [5]
  .text                ro code  0x0800fcd4     0x62  memcmp_unaligned.o [6]
  .text                ro code  0x0800fd38    0x434  platform_mcu_powersave.o [1]
  .text                ro code  0x0801016c     0x6c  strncpy_unaligned.o [6]
  .text                ro code  0x080101d8     0x38  heap_3.o [5]
  .text                ro code  0x08010210     0x34  sprintf.o [3]
  .text                ro code  0x08010244    0x508  queue.o [5]
  .text                ro code  0x0801074c    0x418  MICONotificationCenter.o [1]
  .text                ro code  0x08010b64    0x414  stm32f2xx_rtc.o [1]
  .text                ro code  0x08010f78    0x240  stm32f2xx_rcc.o [1]
  .text                ro code  0x080111b8     0x68  stm32f2xx_pwr.o [1]
  .text                ro code  0x08011220     0x78  stm32f2xx_exti.o [1]
  .text                ro code  0x08011298    0x5a4  paltform_rtc.o [1]
  .text                ro code  0x0801183c    0x158  platform_init.o [1]
  .text                ro code  0x08011994    0x72a  wiced_rtos.o [5]
  .text                ro code  0x080120be     0x18  strrchr.o [3]
  .text                ro code  0x080120d8    0x7a0  mxchipWNET.o [5]
  .text                ro code  0x08012878     0x24  printf.o [3]
  .text                ro code  0x0801289c    0x37c  mico_platform_common.o [1]
  .text                ro code  0x08012c18   0x114e  xprintffull.o [3]
  .text                ro code  0x08013d68   0x19d0  sockets.o [5]
  .text                ro code  0x08015738     0x1e  I32ToFlt.o [4]
  .text                ro code  0x08015758     0xd8  FltMul.o [4]
  .text                ro code  0x08015830     0x24  FltToU32.o [4]
  .text                ro code  0x08015854    0x282  stm32f2xx_flash.o [1]
  .text                ro code  0x08015ad8     0x98  misc.o [1]
  .text                ro code  0x08015b70    0x1bc  platform.o [1]
  .text                ro code  0x08015d2c    0x698  platform_gpio.o [1]
  .text                ro code  0x080163c4     0x5e  RingBufferUtils.o [1]
  .text                ro code  0x08016424    0x820  platform_uart.o [1]
  .text                ro code  0x08016c44     0xe2  wlan_platform_common.o [1]
  .text                ro code  0x08016d28   0x1620  MICOEntrance.o [1]
  .text                ro code  0x08018348    0x440  wifi.o [5]
  .text                ro code  0x08018788   0x2478  wifimgr.o [5]
  .text                ro code  0x0801ac00    0x628  tcpip.o [5]
  .text                ro code  0x0801b228    0x7a8  dns.o [5]
  .text                ro code  0x0801b9d0     0x20  srand.o [3]
  .text                ro code  0x0801b9f0    0xe00  tcp.o [5]
  .text                ro code  0x0801c7f0   0x1410  wwd_wifi.o [5]
  .text                ro code  0x0801dc00    0x774  easylink2.o [5]
  .text                ro code  0x0801e374    0x25a  ip_addr.o [5]
  .text                ro code  0x0801e5ce     0x36  def.o [5]
  .text                ro code  0x0801e604     0x42  strcmp_unaligned.o [6]
  .text                ro code  0x0801e648     0x44  strcpy_unaligned.o [6]
  .text                ro code  0x0801e68c    0x244  wwd_management.o [5]
  .text                ro code  0x0801e8d0     0x36  strlen.o [6]
  .text                ro code  0x0801e908    0x2b4  platform_watchdog.o [1]
  .text                ro code  0x0801ebbc    0xa38  platform_flash.o [1]
  .text                ro code  0x0801f5f4     0x20  xmbtowc.o [3]
  .text                ro code  0x0801f614     0x16  strchr.o [6]
  .text                ro code  0x0801f62c     0x58  memchr.o [6]
  .text                ro code  0x0801f684      0xa  xmbcurmax.o [3]
  .text                ro code  0x0801f68e     0x1a  xwctomb.o [3]
  .text                ro code  0x0801f6a8     0xee  I64DivMod.o [6]
  .text                ro code  0x0801f796     0x42  xdnorm.o [4]
  .text                ro code  0x0801f7d8     0x2e  DblCmpLe.o [4]
  .text                ro code  0x0801f808     0x2e  DblCmpGe.o [4]
  .text                ro code  0x0801f838    0x110  xdscale.o [4]
  .text                ro code  0x0801f948     0x58  DblToI32.o [4]
  .text                ro code  0x0801f9a0     0x30  I32ToDbl.o [4]
  .text                ro code  0x0801f9d0    0x180  DblSub.o [4]
  .text                ro code  0x0801fb50    0x1a2  DblMul.o [4]
  .text                ro code  0x0801fcf4    0x246  DblDiv.o [4]
  .text                ro code  0x0801ff3c     0x6c  localeconv.o [3]
  .text                ro code  0x0801ffa8      0xe  div.o [3]
  .text                ro code  0x0801ffb8    0x2a0  sys_arch.o [5]
  .text                ro code  0x08020258    0x4ec  pbuf.o [5]
  .text                ro code  0x08020744     0xda  netbuf.o [5]
  .text                ro code  0x08020820    0x5e0  api_lib.o [5]
  .text                ro code  0x08020e00    0x27c  lwiptcpip.o [5]
  .text                ro code  0x0802107c    0x568  igmp.o [5]
  .text                ro code  0x080215e4     0x44  snprintf.o [3]
  .text                ro code  0x08021628     0x9a  stm32f2xx_gpio.o [1]
  .text                ro code  0x080216c4     0x28  stm32f2xx_syscfg.o [1]
  .text                ro code  0x080216ec    0x1b2  stm32f2xx_usart.o [1]
  .text                ro code  0x080218a0    0x1b8  stm32f2xx_dma.o [1]
  .text                ro code  0x08021a58    0x428  MICOParaStorage.o [1]
  .text                ro code  0x08021e80     0x2a  strncmp.o [3]
  .text                ro code  0x08021eac    0x1e8  MICOSystemMonitor.o [1]
  .text                ro code  0x08022094    0xbe8  MICOCli.o [1]
  .text                ro code  0x08022c7c    0x9d8  StringUtils.o [1]
  .text                ro code  0x08023654    0x434  MICOMfgtest.o [1]
  .text                ro code  0x08023a88     0x2c  asctime.o [3]
  .text                ro code  0x08023ab4   0x1b10  EasyLink.o [1]
  .text                ro code  0x080255c4   0x1434  MICOConfigServer.o [1]
  .text                ro code  0x080269f8    0x548  MICONTPClient.o [1]
  .text                ro code  0x08026f40    0x43c  MICOAppEntrance.o [1]
  .text                ro code  0x0802737c    0x404  wiced_network.o [5]
  .text                ro code  0x08027780     0x14  mxchip_debug.o [5]
  .text                ro code  0x08027794    0x4b8  ip.o [5]
  .text                ro code  0x08027c4c     0x34  aes_wrap.o [5]
  .text                ro code  0x08027c80    0x1ec  dns_redirect.o [5]
  .text                ro code  0x08027e6c    0x492  wwd_ap.o [5]
  .text                ro code  0x08028300     0x64  dnsclient.o [5]
  .text                ro code  0x08028364    0xc30  SDPCM.o [5]
  .text                ro code  0x08028f94    0x9e0  etharp.o [5]
  .text                ro code  0x08029974     0x46  strcasecmp.o [3]
  .text                ro code  0x080299bc   0x157c  tcp_in.o [5]
  .text                ro code  0x0802af38    0x710  udp.o [5]
  .text                ro code  0x0802b648      0x4  strtoul.o [3]
  .text                ro code  0x0802b64c    0x190  wiced_ping.o [5]
  .text                ro code  0x0802b7dc      0xc  mxchipbesl.o [5]
  .text                ro code  0x0802b7e8      0x2  xtls.o [3]
  .text                ro code  0x0802b7ec    0xcb2  tcp_out.o [5]
  .text                ro code  0x0802c4a0    0x300  lwiptimers.o [5]
  .text                ro code  0x0802c7a0    0x1b8  memp.o [5]
  .text                ro code  0x0802c958     0xe0  rand.o [3]
  .text                ro code  0x0802ca38     0x92  wwd_buffer.o [5]
  .text                ro code  0x0802cacc    0x874  airkiss.o [5]
  .text                ro code  0x0802d340    0x838  wlan_bus_sdio.o [1]
  .text                ro code  0x0802db78    0x9b8  wwd_bus_protocol.o [5]
  .text                ro code  0x0802e530    0x1c0  wwd_thread.o [5]
  .text                ro code  0x0802e6f0     0x34  stm32f2xx_iwdg.o [1]
  .text                ro code  0x0802e724    0x2de  stm32f2xx_tim.o [1]
  .text                ro code  0x0802ea04     0x54  setlocale.o [3]
  .text                ro code  0x0802ea58     0x60  xencoding_sb.o [3]
  .text                ro code  0x0802eab8      0x2  I64DivZer.o [6]
  .text                ro code  0x0802eabc     0xe8  DblAdd.o [4]
  .text                ro code  0x0802eba4    0xeb0  api_msg.o [5]
  .text                ro code  0x0802fa54     0x20  init.o [5]
  .text                ro code  0x0802fa74    0x164  inet_chksum.o [5]
  .text                ro code  0x0802fbd8     0x3c  isxxx.o [3]
  .text                ro code  0x0802fc14      0x6  ABImemclr.o [6]
  .text                ro code  0x0802fc1c     0x3c  vsnprint.o [3]
  .text                ro code  0x0802fc58     0x18  toupper.o [3]
  .text                ro code  0x0802fc70     0x14  tolower.o [3]
  .text                ro code  0x0802fc84     0x16  strnlen.o [3]
  .text                ro code  0x0802fc9c    0x3a8  mftest.o [5]
  .text                ro code  0x08030044    0x180  xlocale_c.o [3]
  .text                ro code  0x080301c4    0x10c  xstrftim.o [3]
  .text                ro code  0x080302d0   0x1218  MICOConfigDelegate.o [1]
  .text                ro code  0x080314e8    0x2e8  SocketUtils.o [1]
  .text                ro code  0x080317d0    0x5e8  json_object.o [1]
  .text                ro code  0x08031db8   0x1370  HTTPUtils.o [1]
  .text                ro code  0x08033128    0xe68  EasyLinkSoftAP.o [1]
  .text                ro code  0x08033f90     0xb6  localtim.o [3]
  .text                ro code  0x08034048    0x234  SppProtocol.o [1]
  .text                ro code  0x0803427c    0x458  MICOBonjour.o [1]
  .text                ro code  0x080346d4    0x358  netif.o [5]
  .text                ro code  0x08034a2c    0xf14  dhcp.o [5]
  .text                ro code  0x08035940     0x28  sys.o [5]
  .text                ro code  0x08035968    0x650  dhcp_server.o [5]
  .text                ro code  0x08035fb8     0x48  netifapi.o [5]
  .text                ro code  0x08036000    0x1cc  raw.o [5]
  .text                ro code  0x080361cc    0x184  icmp.o [5]
  .text                ro code  0x08036350    0xcd6  aes.o [5]
  .text                ro code  0x08037028    0xbb0  easylink.o [5]
  .text                ro code  0x08037bd8    0x17c  wwd_network.o [5]
  .text                ro code  0x08037d54     0x78  ABImemmove_unaligned.o [6]
  .text                ro code  0x08037dcc    0x198  xstoul.o [3]
  .text                ro code  0x08037f64     0x64  stm32f2xx_sdio.o [1]
  .text                ro code  0x08037fc8    0x260  wwd_internal.o [5]
  .text                ro code  0x08038228    0x2e2  wwd_firmware.o [5]
  .text                ro code  0x0803850a     0x16  xlocale_c.o [3]
  .text                ro code  0x08038520     0x24  xlocale_c.o [3]
  .text                ro code  0x08038544     0x14  xlocale_c.o [3]
  .text                ro code  0x08038558      0xc  xlocale_c.o [3]
  .text                ro code  0x08038564    0x846  xgentime.o [3]
  .text                ro code  0x08038dac    0x714  MICOConfigMenu.o [1]
  .text                ro code  0x080394c0    0xf2c  json_tokener.o [1]
  .text                ro code  0x0803a3ec    0x136  printbuf.o [1]
  .text                ro code  0x0803a524    0x34c  linkhash.o [1]
  .text                ro code  0x0803a870     0x18  strdup.o [3]
  .text                ro code  0x0803a888     0x20  DblCmpEq.o [4]
  .text                ro code  0x0803a8a8     0xe4  json_util.o [1]
  .text                ro code  0x0803a98c     0xd4  arraylist.o [1]
  .text                ro code  0x0803aa60    0x16a  URLUtils.o [1]
  .text                ro code  0x0803abcc    0xd48  MDNSUtils.o [1]
  .text                ro code  0x0803b914      0xa  getzone.o [3]
  .text                ro code  0x0803b91e     0x42  xgettime.o [3]
  .text                ro code  0x0803b960     0x88  xstol.o [3]
  .text                ro code  0x0803b9e8    0x188  xttotm.o [3]
  .text                ro code  0x0803bb70     0x8c  wiced_lib.o [5]
  .text                ro code  0x0803bbfc     0x50  logging.o [5]
  .text                ro code  0x0803bc4c     0x4c  wps_host.o [5]
  .text                ro code  0x0803bc98      0xc  errno.o [3]
  .text                ro code  0x0803bca4     0x6c  read_wifi_firmware.o [1]
  .text                ro code  0x0803bd10     0x18  read_wifi_firmware.o [5]
  .text                ro code  0x0803bd28     0x4e  strncasecmp.o [3]
  .text                ro code  0x0803bd78     0x24  sscanf.o [3]
  .text                ro code  0x0803bd9c     0x2c  vsprintf.o [3]
  .text                ro code  0x0803bdc8     0x18  vprintf.o [3]
  .text                ro code  0x0803bde0      0x4  exit.o [3]
  .text                ro code  0x0803bde4    0x134  xisdst.o [3]
  .text                ro code  0x0803bf18    0xcf4  xscanffull.o [3]
  .text                ro code  0x0803cc0c     0x12  cexit.o [6]
  .text                ro code  0x0803cc1e    0x164  xgetdst.o [3]
  .text                ro code  0x0803cd84     0x40  xwctob.o [3]
  .text                ro code  0x0803cdc4     0xa4  xstoll.o [3]
  .text                ro code  0x0803ce68    0x1b0  xstoull.o [3]
  .text                ro code  0x0803d018    0x14c  xstold.o [4]
  .text                ro code  0x0803d164     0x90  DblToFlt.o [4]
  .text                ro code  0x0803d1f4     0x58  xcloseall.o [3]
  .text                ro code  0x0803d24c    0x134  xstopfx.o [3]
  .text                ro code  0x0803d380    0x1b8  xstoflt.o [3]
  .rodata              const    0x0803d538     0x4c  dns.o [5]
  .text                ro code  0x0803d588    0x200  xdtento.o [4]
  .text                ro code  0x0803d788    0x218  xstoxflt.o [3]
  .text                ro code  0x0803d9a0     0x7a  fclose.o [3]
  .text                ro code  0x0803da1a     0x14  Retarget.o [1]
  .text                ro code  0x0803da2e     0x56  xdunscal.o [4]
  .text                ro code  0x0803da84     0x7c  xfofind.o [3]
  .text                ro code  0x0803db00     0xb0  fflush.o [3]
  .text                ro code  0x0803dbb0     0x1a  close.o [7]
  .text                ro code  0x0803dbca     0x16  remove.o [7]
  .text                ro code  0x0803dbe0     0xe0  XShHandles.o [3]
  .rodata              const    0x0803dcc0   0x1400  aes.o [5]
  .rodata              const    0x0803f0c0   0x1400  aes.o [5]
  .text                ro code  0x080404c0    0x9ac  LocalTcpServer.o [1]
  .text                ro code  0x08040e6c    0x64c  RemoteTcpClient.o [1]
  .text                ro code  0x080414b8    0x3a4  hardfault.o [1]
  .rodata              const    0x0804185c    0x30c  wwd_firmware.o [5]
  .rodata              const    0x08041b68    0x1fc  MICOCli.o [1]
  .rodata              const    0x08041d64    0x1c0  platform.o [1]
  .text                ro code  0x08041f24    0x114  UartRecv.o [1]
  .rodata              const    0x08042038    0x100  airkiss.o [5]
  .rodata              const    0x08042138    0x100  wwd_wifi.o [5]
  .text                ro code  0x08042238     0xd6  xfspos.o [3]
  .text                ro code  0x0804230e      0xc  xfgpos.o [3]
  .text                ro code  0x0804231a     0x4c  lseek.o [7]
  .text                ro code  0x08042366     0xd0  packbits_init.o [6]
  .text                ro code  0x08042436     0xb6  xfwprep.o [3]
  .text                ro code  0x080424ec     0x22  fseek.o [3]
  .rodata              const    0x08042510     0x68  wifimgr.o [5]
  .text                ro code  0x08042578     0x56  fputc.o [3]
  .rodata              const    0x080425d0     0x4c  dns.o [5]
  .rodata              const    0x0804261c     0x48  tcp_in.o [5]
  .rodata              const    0x08042664     0x44  tcp_in.o [5]
  .rodata              const    0x080426a8     0x40  wifimgr.o [5]
  .rodata              const    0x080426e8     0x40  wifimgr.o [5]
  .rodata              const    0x08042728     0x40  sockets.o [5]
  .rodata              const    0x08042768     0x40  udp.o [5]
  .rodata              const    0x080427a8     0x40  udp.o [5]
  .rodata              const    0x080427e8     0x3c  wifimgr.o [5]
  .rodata              const    0x08042824     0x3c  wifimgr.o [5]
  .rodata              const    0x08042860     0x3c  wifimgr.o [5]
  .rodata              const    0x0804289c     0x38  wifimgr.o [5]
  .rodata              const    0x080428d4     0x38  memp.o [5]
  .rodata              const    0x0804290c     0x30  aes.o [5]
  .rodata              const    0x0804293c     0x30  wifimgr.o [5]
  .rodata              const    0x0804296c     0x30  tcp_in.o [5]
  .rodata              const    0x0804299c     0x30  etharp.o [5]
  .rodata              const    0x080429cc     0x30  etharp.o [5]
  .rodata              const    0x080429fc     0x2c  wifimgr.o [5]
  .rodata              const    0x08042a28     0x2c  wifimgr.o [5]
  .rodata              const    0x08042a54     0x2c  wifimgr.o [5]
  .rodata              const    0x08042a80     0x2c  wifimgr.o [5]
  .rodata              const    0x08042aac     0x2c  mftest.o [5]
  .rodata              const    0x08042ad8     0x2c  etharp.o [5]
  .rodata              const    0x08042b04     0x28  aes.o [5]
  .rodata              const    0x08042b2c     0x28  wifimgr.o [5]
  .rodata              const    0x08042b54     0x28  wifimgr.o [5]
  .rodata              const    0x08042b7c     0x28  wifimgr.o [5]
  .rodata              const    0x08042ba4     0x28  wifimgr.o [5]
  .rodata              const    0x08042bcc     0x28  wifimgr.o [5]
  .rodata              const    0x08042bf4     0x28  SDPCM.o [5]
  .rodata              const    0x08042c1c     0x28  mftest.o [5]
  .rodata              const    0x08042c44     0x28  easylink.o [5]
  .text                ro code  0x08042c6c     0x28  data_init.o [6]
  .rodata              const    0x08042c94     0x24  json_object.o [1]
  .rodata              const    0x08042cb8     0x24  wifimgr.o [5]
  .rodata              const    0x08042cdc     0x24  wifimgr.o [5]
  .rodata              const    0x08042d00     0x24  wifimgr.o [5]
  .rodata              const    0x08042d24     0x24  memp.o [5]
  .rodata              const    0x08042d48     0x24  mftest.o [5]
  .rodata              const    0x08042d6c     0x24  tcp_in.o [5]
  .rodata              const    0x08042d90     0x24  dhcp_server.o [5]
  .iar.init_table      const    0x08042db4     0x30  - Linker created -
  .rodata              const    0x08042de4     0x20  wifimgr.o [5]
  .rodata              const    0x08042e04     0x20  wifimgr.o [5]
  .rodata              const    0x08042e24     0x20  wifimgr.o [5]
  .rodata              const    0x08042e44     0x20  wifimgr.o [5]
  .rodata              const    0x08042e64     0x20  wifimgr.o [5]
  .rodata              const    0x08042e84     0x20  wifimgr.o [5]
  .rodata              const    0x08042ea4     0x20  wifimgr.o [5]
  .rodata              const    0x08042ec4     0x20  wifimgr.o [5]
  .rodata              const    0x08042ee4     0x20  memp.o [5]
  .rodata              const    0x08042f04     0x20  memp.o [5]
  .rodata              const    0x08042f24     0x20  memp.o [5]
  .rodata              const    0x08042f44     0x20  mftest.o [5]
  .rodata              const    0x08042f64     0x20  mftest.o [5]
  .rodata              const    0x08042f84     0x20  mftest.o [5]
  .rodata              const    0x08042fa4     0x20  dns.o [5]
  .rodata              const    0x08042fc4     0x20  wifi.o [5]
  .rodata              const    0x08042fe4     0x20  udp.o [5]
  .rodata              const    0x08043004     0x20  dhcp_server.o [5]
  .text                ro code  0x08043024     0x20  cmain_call_ctors.o [6]
  .text                ro code  0x08043044     0x18  cppinit.o [3]
  .rodata              const    0x0804305c     0x1c  mxchipWNET.o [5]
  .rodata              const    0x08043078     0x1c  wifimgr.o [5]
  .rodata              const    0x08043094     0x1c  wifimgr.o [5]
  .rodata              const    0x080430b0     0x1c  wifimgr.o [5]
  .rodata              const    0x080430cc     0x1c  sockets.o [5]
  .rodata              const    0x080430e8     0x1c  SDPCM.o [5]
  .rodata              const    0x08043104     0x1c  mftest.o [5]
  .rodata              const    0x08043120     0x1c  airkiss.o [5]
  .rodata              const    0x0804313c     0x1c  airkiss.o [5]
  .rodata              const    0x08043158     0x1c  wwd_wifi.o [5]
  .text                ro code  0x08043174     0x1c  crt0_EWARM.o [1]
  .text                ro code  0x08043190     0x1a  cmain.o [6]
  .rodata              const    0x080431ac     0x18  wifimgr.o [5]
  .rodata              const    0x080431c4     0x18  wifimgr.o [5]
  .rodata              const    0x080431dc     0x18  wifimgr.o [5]
  .rodata              const    0x080431f4     0x18  wifimgr.o [5]
  .rodata              const    0x0804320c     0x18  wifimgr.o [5]
  .rodata              const    0x08043224     0x18  wifimgr.o [5]
  .rodata              const    0x0804323c     0x18  wifimgr.o [5]
  .rodata              const    0x08043254     0x18  wifimgr.o [5]
  .rodata              const    0x0804326c     0x18  wifimgr.o [5]
  .rodata              const    0x08043284     0x18  wifimgr.o [5]
  .rodata              const    0x0804329c     0x18  sockets.o [5]
  .rodata              const    0x080432b4     0x18  sockets.o [5]
  .rodata              const    0x080432cc     0x18  sockets.o [5]
  .rodata              const    0x080432e4     0x18  sockets.o [5]
  .rodata              const    0x080432fc     0x18  SDPCM.o [5]
  .rodata              const    0x08043314     0x18  SDPCM.o [5]
  .rodata              const    0x0804332c     0x18  mftest.o [5]
  .rodata              const    0x08043344     0x18  mftest.o [5]
  .rodata              const    0x0804335c     0x18  mftest.o [5]
  .rodata              const    0x08043374     0x18  airkiss.o [5]
  .rodata              const    0x0804338c     0x18  airkiss.o [5]
  .rodata              const    0x080433a4     0x18  airkiss.o [5]
  .text                ro code  0x080433bc     0x16  xprout.o [3]
  .text                ro code  0x080433d4      0xc  putchar.o [3]
  .rodata              const    0x080433e0     0x14  MICOConfigDelegate.o [1]
  .rodata              const    0x080433f4     0x14  wifimgr.o [5]
  .rodata              const    0x08043408     0x14  wifimgr.o [5]
  .rodata              const    0x0804341c     0x14  wifimgr.o [5]
  .rodata              const    0x08043430     0x14  wifimgr.o [5]
  .rodata              const    0x08043444     0x14  wifimgr.o [5]
  .rodata              const    0x08043458     0x14  wifimgr.o [5]
  .rodata              const    0x0804346c     0x14  wifimgr.o [5]
  .rodata              const    0x08043480     0x14  wifimgr.o [5]
  .rodata              const    0x08043494     0x14  wifimgr.o [5]
  .rodata              const    0x080434a8     0x14  wifimgr.o [5]
  .rodata              const    0x080434bc     0x14  wifimgr.o [5]
  .rodata              const    0x080434d0     0x14  wifimgr.o [5]
  .rodata              const    0x080434e4     0x14  wifimgr.o [5]
  .rodata              const    0x080434f8     0x14  wifimgr.o [5]
  .rodata              const    0x0804350c     0x14  wifimgr.o [5]
  .rodata              const    0x08043520     0x14  SDPCM.o [5]
  .rodata              const    0x08043534     0x14  mftest.o [5]
  .rodata              const    0x08043548     0x14  mftest.o [5]
  .rodata              const    0x0804355c     0x14  tasks.o [5]
  .rodata              const    0x08043570     0x14  tasks.o [5]
  .rodata              const    0x08043584     0x14  airkiss.o [5]
  .rodata              const    0x08043598     0x14  aes_wrap.o [5]
  .rodata              const    0x080435ac     0x14  easylink.o [5]
  .rodata              const    0x080435c0     0x14  wwd_wifi.o [5]
  .rodata              const    0x080435d4     0x14  wwd_wifi.o [5]
  .rodata              const    0x080435e8     0x14  wiced_network.o [5]
  .text                ro code  0x080435fc     0x12  startup_stm32f2xx_EWARM.o [1]
  .rodata              const    0x08043610     0x10  wiced_rtos.o [5]
  .rodata              const    0x08043620     0x10  wiced_rtos.o [5]
  .rodata              const    0x08043630     0x10  mxchipWNET.o [5]
  .rodata              const    0x08043640     0x10  mxchipWNET.o [5]
  .rodata              const    0x08043650     0x10  wifimgr.o [5]
  .rodata              const    0x08043660     0x10  wifimgr.o [5]
  .rodata              const    0x08043670     0x10  wifimgr.o [5]
  .rodata              const    0x08043680     0x10  wifimgr.o [5]
  .rodata              const    0x08043690     0x10  wifimgr.o [5]
  .rodata              const    0x080436a0     0x10  wifimgr.o [5]
  .rodata              const    0x080436b0     0x10  wifimgr.o [5]
  .rodata              const    0x080436c0     0x10  wifimgr.o [5]
  .rodata              const    0x080436d0     0x10  wifimgr.o [5]
  .rodata              const    0x080436e0     0x10  wifimgr.o [5]
  .rodata              const    0x080436f0     0x10  wifimgr.o [5]
  .rodata              const    0x08043700     0x10  SDPCM.o [5]
  .rodata              const    0x08043710     0x10  memp.o [5]
  .rodata              const    0x08043720     0x10  memp.o [5]
  .rodata              const    0x08043730     0x10  memp.o [5]
  .rodata              const    0x08043740     0x10  memp.o [5]
  .rodata              const    0x08043750     0x10  memp.o [5]
  .rodata              const    0x08043760     0x10  memp.o [5]
  .rodata              const    0x08043770     0x10  mftest.o [5]
  .rodata              const    0x08043780     0x10  mftest.o [5]
  .rodata              const    0x08043790     0x10  airkiss.o [5]
  .rodata              const    0x080437a0     0x10  easylink.o [5]
  .rodata              const    0x080437b0     0x10  dns.o [5]
  .rodata              const    0x080437c0     0x10  tcp.o [5]
  .rodata              const    0x080437d0     0x10  wifi.o [5]
  .rodata              const    0x080437e0     0x10  wwd_wifi.o [5]
  .rodata              const    0x080437f0     0x10  wwd_wifi.o [5]
  .rodata              const    0x08043800     0x10  wwd_wifi.o [5]
  .rodata              const    0x08043810     0x10  wwd_wifi.o [5]
  .rodata              const    0x08043820     0x10  wwd_ap.o [5]
  .rodata              const    0x08043830     0x10  lwiptcpip.o [5]
  .rodata              const    0x08043840      0xc  wiced_rtos.o [5]
  .rodata              const    0x0804384c      0xc  wifimgr.o [5]
  .rodata              const    0x08043858      0xc  wifimgr.o [5]
  .rodata              const    0x08043864      0xc  wifimgr.o [5]
  .rodata              const    0x08043870      0xc  wifimgr.o [5]
  .rodata              const    0x0804387c      0xc  wifimgr.o [5]
  .rodata              const    0x08043888      0xc  wifimgr.o [5]
  .rodata              const    0x08043894      0xc  wifimgr.o [5]
  .rodata              const    0x080438a0      0xc  wifimgr.o [5]
  .rodata              const    0x080438ac      0xc  wifimgr.o [5]
  .rodata              const    0x080438b8      0xc  wifimgr.o [5]
  .rodata              const    0x080438c4      0xc  wifimgr.o [5]
  .rodata              const    0x080438d0      0xc  wifimgr.o [5]
  .rodata              const    0x080438dc      0xc  memp.o [5]
  .rodata              const    0x080438e8      0xc  memp.o [5]
  .rodata              const    0x080438f4      0xc  memp.o [5]
  .rodata              const    0x08043900      0xc  airkiss.o [5]
  .rodata              const    0x0804390c      0xc  easylink.o [5]
  .rodata              const    0x08043918      0xc  easylink.o [5]
  .rodata              const    0x08043924      0xc  dns.o [5]
  .rodata              const    0x08043930      0xc  dns.o [5]
  .rodata              const    0x0804393c      0xc  dns.o [5]
  .rodata              const    0x08043948      0xc  easylink2.o [5]
  .rodata              const    0x08043954      0xc  easylink2.o [5]
  .rodata              const    0x08043960      0xc  easylink2.o [5]
  .rodata              const    0x0804396c      0xc  easylink2.o [5]
  .rodata              const    0x08043978      0xc  easylink2.o [5]
  .rodata              const    0x08043984      0xc  easylink2.o [5]
  .rodata              const    0x08043990      0xc  easylink2.o [5]
  .rodata              const    0x0804399c      0xc  easylink2.o [5]
  .rodata              const    0x080439a8      0xc  easylink2.o [5]
  .rodata              const    0x080439b4      0xc  tcp_in.o [5]
  .rodata              const    0x080439c0      0xc  wwd_management.o [5]
  .rodata              const    0x080439cc      0xc  wwd_management.o [5]
  .rodata              const    0x080439d8      0xc  wwd_wifi.o [5]
  .rodata              const    0x080439e4      0xc  wwd_wifi.o [5]
  .rodata              const    0x080439f0      0xc  wwd_wifi.o [5]
  .rodata              const    0x080439fc      0xc  wwd_wifi.o [5]
  .rodata              const    0x08043a08      0xc  dns_redirect.o [5]
  .rodata              const    0x08043a14      0xc  dns_redirect.o [5]
  .rodata              const    0x08043a20      0xc  wwd_ap.o [5]
  .rodata              const    0x08043a2c      0xc  wwd_ap.o [5]
  .rodata              const    0x08043a38      0xc  wwd_ap.o [5]
  .rodata              const    0x08043a44      0xc  wwd_internal.o [5]
  .rodata              const    0x08043a50      0xc  dhcp_server.o [5]
  .rodata              const    0x08043a5c      0xc  wiced_lib.o [5]
  .text                ro code  0x08043a68      0xc  cstartup_M.o [6]
  .rodata              const    0x08043a74      0x8  MICOConfig.o [1]
  .rodata              const    0x08043a7c      0x8  wifimgr.o [5]
  .rodata              const    0x08043a84      0x8  wifimgr.o [5]
  .rodata              const    0x08043a8c      0x8  wifimgr.o [5]
  .rodata              const    0x08043a94      0x8  wifimgr.o [5]
  .rodata              const    0x08043a9c      0x8  wifimgr.o [5]
  .rodata              const    0x08043aa4      0x8  wifimgr.o [5]
  .rodata              const    0x08043aac      0x8  wifimgr.o [5]
  .rodata              const    0x08043ab4      0x8  wifimgr.o [5]
  .rodata              const    0x08043abc      0x8  wifimgr.o [5]
  .rodata              const    0x08043ac4      0x8  wifimgr.o [5]
  .rodata              const    0x08043acc      0x8  wifimgr.o [5]
  .rodata              const    0x08043ad4      0x8  wifimgr.o [5]
  .rodata              const    0x08043adc      0x8  wifimgr.o [5]
  .rodata              const    0x08043ae4      0x8  wifimgr.o [5]
  .rodata              const    0x08043aec      0x8  sockets.o [5]
  .rodata              const    0x08043af4      0x8  sockets.o [5]
  .rodata              const    0x08043afc      0x8  sockets.o [5]
  .rodata              const    0x08043b04      0x8  sockets.o [5]
  .rodata              const    0x08043b0c      0x8  sockets.o [5]
  .rodata              const    0x08043b14      0x8  sockets.o [5]
  .rodata              const    0x08043b1c      0x8  memp.o [5]
  .rodata              const    0x08043b24      0x8  memp.o [5]
  .rodata              const    0x08043b2c      0x8  memp.o [5]
  .rodata              const    0x08043b34      0x8  memp.o [5]
  .rodata              const    0x08043b3c      0x8  memp.o [5]
  .rodata              const    0x08043b44      0x8  memp.o [5]
  .rodata              const    0x08043b4c      0x8  memp.o [5]
  .rodata              const    0x08043b54      0x8  memp.o [5]
  .rodata              const    0x08043b5c      0x8  wwd_thread.o [5]
  .rodata              const    0x08043b64      0x8  ostimers.o [5]
  .rodata              const    0x08043b6c      0x8  tasks.o [5]
  .rodata              const    0x08043b74      0x8  airkiss.o [5]
  .rodata              const    0x08043b7c      0x8  easylink.o [5]
  .rodata              const    0x08043b84      0x8  dns.o [5]
  .rodata              const    0x08043b8c      0x8  dns.o [5]
  .rodata              const    0x08043b94      0x8  easylink2.o [5]
  .rodata              const    0x08043b9c      0x8  easylink2.o [5]
  .rodata              const    0x08043ba4      0x8  tcp.o [5]
  .rodata              const    0x08043bac      0x8  tcp_in.o [5]
  .rodata              const    0x08043bb4      0x8  tcp_in.o [5]
  .rodata              const    0x08043bbc      0x8  tcp_in.o [5]
  .rodata              const    0x08043bc4      0x8  tcp_in.o [5]
  .rodata              const    0x08043bcc      0x8  wwd_management.o [5]
  .rodata              const    0x08043bd4      0x8  wwd_management.o [5]
  .rodata              const    0x08043bdc      0x8  wwd_wifi.o [5]
  .rodata              const    0x08043be4      0x8  wwd_wifi.o [5]
  .rodata              const    0x08043bec      0x8  wwd_wifi.o [5]
  .rodata              const    0x08043bf4      0x8  wwd_wifi.o [5]
  .rodata              const    0x08043bfc      0x8  wwd_wifi.o [5]
  .rodata              const    0x08043c04      0x8  etharp.o [5]
  .rodata              const    0x08043c0c      0x8  etharp.o [5]
  .rodata              const    0x08043c14      0x8  etharp.o [5]
  .rodata              const    0x08043c1c      0x8  etharp.o [5]
  .rodata              const    0x08043c24      0x8  wiced_network.o [5]
  .rodata              const    0x08043c2c      0x8  wwd_ap.o [5]
  .rodata              const    0x08043c34      0x8  wwd_network.o [5]
  .rodata              const    0x08043c3c      0x8  dhcp_server.o [5]
  .rodata              const    0x08043c44      0x8  dhcp_server.o [5]
  .rodata              const    0x08043c4c      0x8  dhcp_server.o [5]
  .rodata              const    0x08043c54      0x8  dhcp_server.o [5]
  .text                ro code  0x08043c5c      0x8  startup_stm32f2xx_EWARM.o [1]
  .rodata              const    0x08043c64      0x4  platform_init.o [1]
  .rodata              const    0x08043c68      0x4  wiced_rtos.o [5]
  .rodata              const    0x08043c6c      0x4  easylink2.o [5]
  .rodata              const    0x08043c70      0x4  easylink2.o [5]
  .rodata              const    0x08043c74      0x4  ip_addr.o [5]
  .rodata              const    0x08043c78      0x4  ip_addr.o [5]
  .rodata              const    0x08043c7c      0x4  dhcp_server.o [5]
  .rodata              const    0x08043c80      0x4  dhcp_server.o [5]
  .rodata              const    0x08043c84      0x4  dhcp_server.o [5]
  .rodata              const    0x08043c88      0x4  dhcp_server.o [5]
  .rodata              const    0x08043c8c      0x4  dhcp_server.o [5]
  .text                ro code  0x08043c90      0x4  startup_stm32f2xx_EWARM.o [1]
  .text                ro code  0x08043c94      0x4  startup_stm32f2xx_EWARM.o [1]
  .text                ro code  0x08043c98      0x4  startup_stm32f2xx_EWARM.o [1]
  .text                ro code  0x08043c9c      0x4  startup_stm32f2xx_EWARM.o [1]
  .text                ro code  0x08043ca0      0x4  startup_stm32f2xx_EWARM.o [1]
  .text                ro code  0x08043ca4      0x4  startup_stm32f2xx_EWARM.o [1]
  .text                ro code  0x08043ca8      0x4  startup_stm32f2xx_EWARM.o [1]
  .text                ro code  0x08043cac      0x4  startup_stm32f2xx_EWARM.o [1]
  .text                ro code  0x08043cb0      0x4  startup_stm32f2xx_EWARM.o [1]
  .text                ro code  0x08043cb4      0x4  startup_stm32f2xx_EWARM.o [1]
  .text                ro code  0x08043cb8      0x4  startup_stm32f2xx_EWARM.o [1]
  .text                ro code  0x08043cbc      0x4  startup_stm32f2xx_EWARM.o [1]
  .text                ro code  0x08043cc0      0x4  startup_stm32f2xx_EWARM.o [1]
  .text                ro code  0x08043cc4      0x4  startup_stm32f2xx_EWARM.o [1]
  .text                ro code  0x08043cc8      0x4  startup_stm32f2xx_EWARM.o [1]
  .text                ro code  0x08043ccc      0x4  startup_stm32f2xx_EWARM.o [1]
  .text                ro code  0x08043cd0      0x4  startup_stm32f2xx_EWARM.o [1]
  .text                ro code  0x08043cd4      0x4  startup_stm32f2xx_EWARM.o [1]
  .text                ro code  0x08043cd8      0x4  startup_stm32f2xx_EWARM.o [1]
  .text                ro code  0x08043cdc      0x4  startup_stm32f2xx_EWARM.o [1]
  .text                ro code  0x08043ce0      0x4  startup_stm32f2xx_EWARM.o [1]
  .text                ro code  0x08043ce4      0x4  startup_stm32f2xx_EWARM.o [1]
  .text                ro code  0x08043ce8      0x4  startup_stm32f2xx_EWARM.o [1]
  .text                ro code  0x08043cec      0x4  startup_stm32f2xx_EWARM.o [1]
  .text                ro code  0x08043cf0      0x4  startup_stm32f2xx_EWARM.o [1]
  .text                ro code  0x08043cf4      0x4  startup_stm32f2xx_EWARM.o [1]
  .text                ro code  0x08043cf8      0x4  startup_stm32f2xx_EWARM.o [1]
  .text                ro code  0x08043cfc      0x4  startup_stm32f2xx_EWARM.o [1]
  .text                ro code  0x08043d00      0x4  startup_stm32f2xx_EWARM.o [1]
  .text                ro code  0x08043d04      0x4  startup_stm32f2xx_EWARM.o [1]
  .text                ro code  0x08043d08      0x4  startup_stm32f2xx_EWARM.o [1]
  .text                ro code  0x08043d0c      0x4  startup_stm32f2xx_EWARM.o [1]
  .text                ro code  0x08043d10      0x4  startup_stm32f2xx_EWARM.o [1]
  .text                ro code  0x08043d14      0x4  startup_stm32f2xx_EWARM.o [1]
  .text                ro code  0x08043d18      0x4  startup_stm32f2xx_EWARM.o [1]
  .text                ro code  0x08043d1c      0x4  startup_stm32f2xx_EWARM.o [1]
  .text                ro code  0x08043d20      0x4  startup_stm32f2xx_EWARM.o [1]
  .text                ro code  0x08043d24      0x4  startup_stm32f2xx_EWARM.o [1]
  .text                ro code  0x08043d28      0x4  startup_stm32f2xx_EWARM.o [1]
  .text                ro code  0x08043d2c      0x4  startup_stm32f2xx_EWARM.o [1]
  .text                ro code  0x08043d30      0x4  startup_stm32f2xx_EWARM.o [1]
  .text                ro code  0x08043d34      0x4  startup_stm32f2xx_EWARM.o [1]
  .text                ro code  0x08043d38      0x4  startup_stm32f2xx_EWARM.o [1]
  .text                ro code  0x08043d3c      0x4  startup_stm32f2xx_EWARM.o [1]
  .text                ro code  0x08043d40      0x4  startup_stm32f2xx_EWARM.o [1]
  .text                ro code  0x08043d44      0x4  startup_stm32f2xx_EWARM.o [1]
  .text                ro code  0x08043d48      0x4  startup_stm32f2xx_EWARM.o [1]
  .text                ro code  0x08043d4c      0x4  startup_stm32f2xx_EWARM.o [1]
  .text                ro code  0x08043d50      0x4  startup_stm32f2xx_EWARM.o [1]
  .text                ro code  0x08043d54      0x4  startup_stm32f2xx_EWARM.o [1]
  .text                ro code  0x08043d58      0x4  startup_stm32f2xx_EWARM.o [1]
  .text                ro code  0x08043d5c      0x4  startup_stm32f2xx_EWARM.o [1]
  .text                ro code  0x08043d60      0x4  startup_stm32f2xx_EWARM.o [1]
  .text                ro code  0x08043d64      0x4  startup_stm32f2xx_EWARM.o [1]
  .text                ro code  0x08043d68      0x4  startup_stm32f2xx_EWARM.o [1]
  .text                ro code  0x08043d6c      0x4  startup_stm32f2xx_EWARM.o [1]
  .text                ro code  0x08043d70      0x4  startup_stm32f2xx_EWARM.o [1]
  .text                ro code  0x08043d74      0x4  startup_stm32f2xx_EWARM.o [1]
  .text                ro code  0x08043d78      0x4  startup_stm32f2xx_EWARM.o [1]
  .text                ro code  0x08043d7c      0x4  startup_stm32f2xx_EWARM.o [1]
  .text                ro code  0x08043d80      0x4  startup_stm32f2xx_EWARM.o [1]
  .text                ro code  0x08043d84      0x4  startup_stm32f2xx_EWARM.o [1]
  .text                ro code  0x08043d88      0x4  startup_stm32f2xx_EWARM.o [1]
  .text                ro code  0x08043d8c      0x4  startup_stm32f2xx_EWARM.o [1]
  .text                ro code  0x08043d90      0x4  startup_stm32f2xx_EWARM.o [1]
  .text                ro code  0x08043d94      0x4  startup_stm32f2xx_EWARM.o [1]
  .text                ro code  0x08043d98      0x4  startup_stm32f2xx_EWARM.o [1]
  .text                ro code  0x08043d9c      0x4  startup_stm32f2xx_EWARM.o [1]
  .text                ro code  0x08043da0      0x4  startup_stm32f2xx_EWARM.o [1]
  .text                ro code  0x08043da4      0x4  startup_stm32f2xx_EWARM.o [1]
  .text                ro code  0x08043da8      0x4  startup_stm32f2xx_EWARM.o [1]
  .text                ro code  0x08043dac      0x4  startup_stm32f2xx_EWARM.o [1]
  SHT$$PREINIT_ARRAY            0x08043db0      0x4  <Block>
    .prepreinit_array  const    0x08043db0      0x4  xlocale_c.o [3]
  SHT$$INIT_ARRAY               0x08043db4      0x0  <Block>
  .text                ro code  0x08043db4      0x0  cstart_clearlocks.o [6]
  .text                ro code  0x08043db4      0x0  cstart_closeall.o [6]
  .rodata              const    0x08043db4      0x0  zero_init3.o [6]
  .rodata              const    0x08043db4      0x0  packbits_init.o [6]
  Initializer bytes    const    0x08043db4    0x165  <for P2 s0>
                              - 0x08043f19  0x37d95

"P2":                                       0x1d8a0
  P2 s0                         0x20000000    0x3c9  <Init block>
    __DLIB_PERTHREAD   inited   0x20000000     0x8c  rand.o [3]
    __DLIB_PERTHREAD   inited   0x2000008c     0x88  localeconv.o [3]
    __DLIB_PERTHREAD   inited   0x20000114     0x74  setlocale.o [3]
    .data              inited   0x20000188     0x40  memp.o [5]
    .data              inited   0x200001c8     0x40  xfiles.o [3]
    .data              inited   0x20000208     0x40  xfiles.o [3]
    .data              inited   0x20000248     0x40  xfiles.o [3]
    __DLIB_PERTHREAD   inited   0x20000288     0x2c  xttotm.o [3]
    .data              inited   0x200002b4     0x24  platform_mcu_powersave.o [1]
    .data              inited   0x200002d8     0x20  xfiles.o [3]
    __DLIB_PERTHREAD   inited   0x200002f8     0x1c  asctime.o [3]
    .data              inited   0x20000314     0x18  MDNSUtils.o [1]
    .data              inited   0x2000032c     0x10  stm32f2xx_rcc.o [1]
    .data              inited   0x2000033c     0x10  tcp.o [5]
    .data              inited   0x2000034c      0xc  wwd_internal.o [5]
    __DLIB_PERTHREAD   inited   0x20000358      0x8  localtim.o [3]
    .data              inited   0x20000360      0x4  json_object.o [1]
    .data              inited   0x20000364      0x4  json_object.o [1]
    .data              inited   0x20000368      0x4  json_tokener.o [1]
    .data              inited   0x2000036c      0x4  MICOConfig.o [1]
    .data              inited   0x20000370      0x4  MICOConfig.o [1]
    .data              inited   0x20000374      0x4  read_wifi_firmware.o [1]
    .data              inited   0x20000378      0x4  wifimgr.o [5]
    .data              inited   0x2000037c      0x4  wifimgr.o [5]
    .data              inited   0x20000380      0x4  wifimgr.o [5]
    .data              inited   0x20000384      0x4  wifimgr.o [5]
    .data              inited   0x20000388      0x4  wifimgr.o [5]
    .data              inited   0x2000038c      0x4  wifimgr.o [5]
    .data              inited   0x20000390      0x4  mftest.o [5]
    .data              inited   0x20000394      0x4  mftest.o [5]
    .data              inited   0x20000398      0x4  port.o [5]
    .data              inited   0x2000039c      0x4  wwd_rtos.o [5]
    .data              inited   0x200003a0      0x4  tasks.o [5]
    .data              inited   0x200003a4      0x4  airkiss.o [5]
    .data              inited   0x200003a8      0x4  easylink2.o [5]
    .data              inited   0x200003ac      0x4  tcp.o [5]
    .data              inited   0x200003b0      0x4  wifi.o [5]
    .data              inited   0x200003b4      0x4  wwd_ap.o [5]
    .data              inited   0x200003b8      0x4  dhcp.o [5]
    __DLIB_PERTHREAD   inited   0x200003bc      0x4  errno.o [3]
    __DLIB_PERTHREAD   inited   0x200003c0      0x4  xisdst.o [3]
    __DLIB_PERTHREAD   inited   0x200003c4      0x4  xisdstData.o [3]
    .data              inited   0x200003c8      0x1  airkiss.o [5]
  .bss                 zero     0x200003cc   0x517c  memp.o [5]
  .bss                 zero     0x20005548    0x818  wlan_bus_sdio.o [1]
  .bss                 zero     0x20005d60    0x810  MICOAppEntrance.o [1]
  .bss                 zero     0x20006570    0x4e0  easylink.o [5]
  .bss                 zero     0x20006a50    0x460  dns.o [5]
  .bss                 zero     0x20006eb0    0x29c  easylink2.o [5]
  .bss                 zero     0x2000714c    0x294  airkiss.o [5]
  .bss                 zero     0x200073e0    0x204  dns.o [5]
  .bss                 zero     0x200075e4    0x1d8  dlmalloc.o [5]
  .bss                 zero     0x200077bc    0x180  sockets.o [5]
  .bss                 zero     0x2000793c    0x100  easylink.o [5]
  .bss                 zero     0x20007a3c    0x100  easylink.o [5]
  .bss                 zero     0x20007b3c     0xc8  tasks.o [5]
  .bss                 zero     0x20007c04     0xc0  platform_gpio.o [1]
  .bss                 zero     0x20007cc4     0xa0  etharp.o [5]
  .bss                 zero     0x20007d64     0x88  airkiss.o [5]
  .bss                 zero     0x20007dec     0x88  wiced_network.o [5]
  .bss                 zero     0x20007e74     0x80  XShHandles.o [3]
  .bss                 zero     0x20007ef4     0x70  wifimgr.o [5]
  .bss                 zero     0x20007f64     0x64  dhcp_server.o [5]
  .bss                 zero     0x20007fc8     0x60  sockets.o [5]
  .bss                 zero     0x20008028     0x58  MICOCli.o [1]
  .bss                 zero     0x20008080     0x58  platform_init.o [1]
  .bss                 zero     0x200080d8     0x54  MICONotificationCenter.o [1]
  .bss                 zero     0x2000812c     0x54  xlocale_c.o [3]
  .bss                 zero     0x20008180     0x50  platform.o [1]
  .bss                 zero     0x200081d0     0x50  easylink.o [5]
  .bss                 zero     0x20008220     0x50  xfiles.o [3]
  .bss                 zero     0x20008270     0x50  xfiles.o [3]
  .bss                 zero     0x200082c0     0x44  netif.o [5]
  .bss                 zero     0x20008304     0x40  MICOMfgtest.o [1]
  .bss                 zero     0x20008344     0x40  memp.o [5]
  .bss                 zero     0x20008384     0x40  memp.o [5]
  .bss                 zero     0x200083c4     0x40  easylink.o [5]
  .bss                 zero     0x20008404     0x40  easylink2.o [5]
  .bss                 zero     0x20008444     0x3c  wifimgr.o [5]
  .bss                 zero     0x20008480     0x3c  wifimgr.o [5]
  .bss                 zero     0x200084bc     0x3c  wifimgr.o [5]
  .bss                 zero     0x200084f8     0x3c  wifimgr.o [5]
  .bss                 zero     0x20008534     0x3c  SDPCM.o [5]
  .bss                 zero     0x20008570     0x3c  wiced_network.o [5]
  .bss                 zero     0x200085ac     0x38  airkiss.o [5]
  .bss                 zero     0x200085e4     0x38  wiced_network.o [5]
  .bss                 zero     0x2000861c     0x38  xsyslock_mtx.o [3]
  .bss                 zero     0x20008654     0x34  tasks.o [5]
  .bss                 zero     0x20008688     0x30  mftest.o [5]
  .bss                 zero     0x200086b8     0x30  mftest.o [5]
  .bss                 zero     0x200086e8     0x28  airkiss.o [5]
  .bss                 zero     0x20008710     0x28  dnsclient.o [5]
  .bss                 zero     0x20008738     0x28  wiced_ping.o [5]
  .bss                 zero     0x20008760     0x28  dhcp.o [5]
  .bss                 zero     0x20008788     0x24  mico_platform_common.o [1]
  .bss                 zero     0x200087ac     0x20  easylink.o [5]
  .bss                 zero     0x200087cc     0x20  wiced_network.o [5]
  .bss                 zero     0x200087ec     0x20  dhcp_server.o [5]
  .bss                 zero     0x2000880c     0x18  MICOEntrance.o [1]
  .bss                 zero     0x20008824     0x18  platform.o [1]
  .bss                 zero     0x2000883c     0x18  mftest.o [5]
  .bss                 zero     0x20008854     0x18  dlmalloc.o [5]
  .bss                 zero     0x2000886c     0x14  MICOSystemMonitor.o [1]
  .bss                 zero     0x20008880     0x14  wifimgr.o [5]
  .bss                 zero     0x20008894     0x14  mftest.o [5]
  .bss                 zero     0x200088a8     0x14  ostimers.o [5]
  .bss                 zero     0x200088bc     0x14  ostimers.o [5]
  .bss                 zero     0x200088d0     0x14  tasks.o [5]
  .bss                 zero     0x200088e4     0x14  tasks.o [5]
  .bss                 zero     0x200088f8     0x14  tasks.o [5]
  .bss                 zero     0x2000890c     0x14  tasks.o [5]
  .bss                 zero     0x20008920     0x14  tasks.o [5]
  .bss                 zero     0x20008934     0x14  tcp_in.o [5]
  .bss                 zero     0x20008948     0x14  wiced_network.o [5]
  .bss                 zero     0x2000895c     0x14  wiced_network.o [5]
  .bss                 zero     0x20008970     0x10  EasyLink.o [1]
  .bss                 zero     0x20008980     0x10  platform.o [1]
  .bss                 zero     0x20008990     0x10  platform_watchdog.o [1]
  .bss                 zero     0x200089a0     0x10  mxchipWNET.o [5]
  .bss                 zero     0x200089b0     0x10  ip_addr.o [5]
  .bss                 zero     0x200089c0      0xc  MICOConfigDelegate.o [1]
  .bss                 zero     0x200089cc      0xc  airkiss.o [5]
  .bss                 zero     0x200089d8      0xc  dhcp.o [5]
  .bss                 zero     0x200089e4      0x8  MICONTPClient.o [1]
  .bss                 zero     0x200089ec      0x8  RemoteTcpClient.o [1]
  .bss                 zero     0x200089f4      0x8  wiced_rtos.o [5]
  .bss                 zero     0x200089fc      0x8  wifimgr.o [5]
  .bss                 zero     0x20008a04      0x8  wifimgr.o [5]
  .bss                 zero     0x20008a0c      0x8  airkiss.o [5]
  .bss                 zero     0x20008a14      0x8  easylink.o [5]
  .bss                 zero     0x20008a1c      0x8  dns.o [5]
  .bss                 zero     0x20008a24      0x8  wifi.o [5]
  .bss                 zero     0x20008a2c      0x8  wwd_management.o [5]
  .bss                 zero     0x20008a34      0x4  EasyLink.o [1]
  .bss                 zero     0x20008a38      0x4  EasyLinkSoftAP.o [1]
  .bss                 zero     0x20008a3c      0x4  LocalTcpServer.o [1]
  .bss                 zero     0x20008a40      0x4  MDNSUtils.o [1]
  .bss                 zero     0x20008a44      0x4  MICOBonjour.o [1]
  .bss                 zero     0x20008a48      0x4  MICOConfig.o [1]
  .bss                 zero     0x20008a4c      0x4  MICOConfigServer.o [1]
  .bss                 zero     0x20008a50      0x4  MICOParaStorage.o [1]
  .bss                 zero     0x20008a54      0x4  platform_mcu_powersave.o [1]
  .bss                 zero     0x20008a58      0x4  platform_watchdog.o [1]
  .bss                 zero     0x20008a5c      0x4  SppProtocol.o [1]
  .bss                 zero     0x20008a60      0x4  wiced_rtos.o [5]
  .bss                 zero     0x20008a64      0x4  wiced_rtos.o [5]
  .bss                 zero     0x20008a68      0x4  mxchipWNET.o [5]
  .bss                 zero     0x20008a6c      0x4  mxchipWNET.o [5]
  .bss                 zero     0x20008a70      0x4  mxchipWNET.o [5]
  .bss                 zero     0x20008a74      0x4  mxchipWNET.o [5]
  .bss                 zero     0x20008a78      0x4  mxchipWNET.o [5]
  .bss                 zero     0x20008a7c      0x4  mxchipWNET.o [5]
  .bss                 zero     0x20008a80      0x4  wifimgr.o [5]
  .bss                 zero     0x20008a84      0x4  wifimgr.o [5]
  .bss                 zero     0x20008a88      0x4  wifimgr.o [5]
  .bss                 zero     0x20008a8c      0x4  wifimgr.o [5]
  .bss                 zero     0x20008a90      0x4  wifimgr.o [5]
  .bss                 zero     0x20008a94      0x4  wifimgr.o [5]
  .bss                 zero     0x20008a98      0x4  wifimgr.o [5]
  .bss                 zero     0x20008a9c      0x4  wifimgr.o [5]
  .bss                 zero     0x20008aa0      0x4  wifimgr.o [5]
  .bss                 zero     0x20008aa4      0x4  wifimgr.o [5]
  .bss                 zero     0x20008aa8      0x4  wifimgr.o [5]
  .bss                 zero     0x20008aac      0x4  sockets.o [5]
  .bss                 zero     0x20008ab0      0x4  sockets.o [5]
  .bss                 zero     0x20008ab4      0x4  sockets.o [5]
  .bss                 zero     0x20008ab8      0x4  SDPCM.o [5]
  .bss                 zero     0x20008abc      0x4  SDPCM.o [5]
  .bss                 zero     0x20008ac0      0x4  SDPCM.o [5]
  .bss                 zero     0x20008ac4      0x4  SDPCM.o [5]
  .bss                 zero     0x20008ac8      0x4  SDPCM.o [5]
  .bss                 zero     0x20008acc      0x4  SDPCM.o [5]
  .bss                 zero     0x20008ad0      0x4  SDPCM.o [5]
  .bss                 zero     0x20008ad4      0x4  mftest.o [5]
  .bss                 zero     0x20008ad8      0x4  mftest.o [5]
  .bss                 zero     0x20008adc      0x4  mftest.o [5]
  .bss                 zero     0x20008ae0      0x4  mftest.o [5]
  .bss                 zero     0x20008ae4      0x4  wwd_thread.o [5]
  .bss                 zero     0x20008ae8      0x4  wwd_thread.o [5]
  .bss                 zero     0x20008aec      0x4  logging.o [5]
  .bss                 zero     0x20008af0      0x4  logging.o [5]
  .bss                 zero     0x20008af4      0x4  ostimers.o [5]
  .bss                 zero     0x20008af8      0x4  ostimers.o [5]
  .bss                 zero     0x20008afc      0x4  ostimers.o [5]
  .bss                 zero     0x20008b00      0x4  ostimers.o [5]
  .bss                 zero     0x20008b04      0x4  tasks.o [5]
  .bss                 zero     0x20008b08      0x4  tasks.o [5]
  .bss                 zero     0x20008b0c      0x4  tasks.o [5]
  .bss                 zero     0x20008b10      0x4  tasks.o [5]
  .bss                 zero     0x20008b14      0x4  tasks.o [5]
  .bss                 zero     0x20008b18      0x4  tasks.o [5]
  .bss                 zero     0x20008b1c      0x4  tasks.o [5]
  .bss                 zero     0x20008b20      0x4  tasks.o [5]
  .bss                 zero     0x20008b24      0x4  tasks.o [5]
  .bss                 zero     0x20008b28      0x4  tasks.o [5]
  .bss                 zero     0x20008b2c      0x4  tasks.o [5]
  .bss                 zero     0x20008b30      0x4  tasks.o [5]
  .bss                 zero     0x20008b34      0x4  tasks.o [5]
  .bss                 zero     0x20008b38      0x4  tasks.o [5]
  .bss                 zero     0x20008b3c      0x4  airkiss.o [5]
  .bss                 zero     0x20008b40      0x4  airkiss.o [5]
  .bss                 zero     0x20008b44      0x4  airkiss.o [5]
  .bss                 zero     0x20008b48      0x4  airkiss.o [5]
  .bss                 zero     0x20008b4c      0x4  airkiss.o [5]
  .bss                 zero     0x20008b50      0x4  airkiss.o [5]
  .bss                 zero     0x20008b54      0x4  airkiss.o [5]
  .bss                 zero     0x20008b58      0x4  airkiss.o [5]
  .bss                 zero     0x20008b5c      0x4  easylink.o [5]
  .bss                 zero     0x20008b60      0x4  easylink.o [5]
  .bss                 zero     0x20008b64      0x4  easylink.o [5]
  .bss                 zero     0x20008b68      0x4  easylink.o [5]
  .bss                 zero     0x20008b6c      0x4  easylink.o [5]
  .bss                 zero     0x20008b70      0x4  easylink.o [5]
  .bss                 zero     0x20008b74      0x4  easylink.o [5]
  .bss                 zero     0x20008b78      0x4  easylink.o [5]
  .bss                 zero     0x20008b7c      0x4  wps_host.o [5]
  .bss                 zero     0x20008b80      0x4  wps_host.o [5]
  .bss                 zero     0x20008b84      0x4  dns.o [5]
  .bss                 zero     0x20008b88      0x4  dns.o [5]
  .bss                 zero     0x20008b8c      0x4  easylink2.o [5]
  .bss                 zero     0x20008b90      0x4  easylink2.o [5]
  .bss                 zero     0x20008b94      0x4  easylink2.o [5]
  .bss                 zero     0x20008b98      0x4  easylink2.o [5]
  .bss                 zero     0x20008b9c      0x4  easylink2.o [5]
  .bss                 zero     0x20008ba0      0x4  easylink2.o [5]
  .bss                 zero     0x20008ba4      0x4  easylink2.o [5]
  .bss                 zero     0x20008ba8      0x4  tcp.o [5]
  .bss                 zero     0x20008bac      0x4  tcp.o [5]
  .bss                 zero     0x20008bb0      0x4  tcp.o [5]
  .bss                 zero     0x20008bb4      0x4  tcp.o [5]
  .bss                 zero     0x20008bb8      0x4  tcp.o [5]
  .bss                 zero     0x20008bbc      0x4  tcp.o [5]
  .bss                 zero     0x20008bc0      0x4  tcp.o [5]
  .bss                 zero     0x20008bc4      0x4  tcp.o [5]
  .bss                 zero     0x20008bc8      0x4  wifi.o [5]
  .bss                 zero     0x20008bcc      0x4  wifi.o [5]
  .bss                 zero     0x20008bd0      0x4  wifi.o [5]
  .bss                 zero     0x20008bd4      0x4  wifi.o [5]
  .bss                 zero     0x20008bd8      0x4  wifi.o [5]
  .bss                 zero     0x20008bdc      0x4  tcp_in.o [5]
  .bss                 zero     0x20008be0      0x4  tcp_in.o [5]
  .bss                 zero     0x20008be4      0x4  tcp_in.o [5]
  .bss                 zero     0x20008be8      0x4  tcp_in.o [5]
  .bss                 zero     0x20008bec      0x4  tcp_in.o [5]
  .bss                 zero     0x20008bf0      0x4  tcp_in.o [5]
  .bss                 zero     0x20008bf4      0x4  wwd_wifi.o [5]
  .bss                 zero     0x20008bf8      0x4  wwd_wifi.o [5]
  .bss                 zero     0x20008bfc      0x4  wwd_wifi.o [5]
  .bss                 zero     0x20008c00      0x4  wwd_wifi.o [5]
  .bss                 zero     0x20008c04      0x4  mxchip_debug.o [5]
  .bss                 zero     0x20008c08      0x4  mxchip_debug.o [5]
  .bss                 zero     0x20008c0c      0x4  dnsclient.o [5]
  .bss                 zero     0x20008c10      0x4  ip.o [5]
  .bss                 zero     0x20008c14      0x4  ip.o [5]
  .bss                 zero     0x20008c18      0x4  ip.o [5]
  .bss                 zero     0x20008c1c      0x4  ip.o [5]
  .bss                 zero     0x20008c20      0x4  ip.o [5]
  .bss                 zero     0x20008c24      0x4  udp.o [5]
  .bss                 zero     0x20008c28      0x4  wiced_network.o [5]
  .bss                 zero     0x20008c2c      0x4  wiced_network.o [5]
  .bss                 zero     0x20008c30      0x4  wwd_ap.o [5]
  .bss                 zero     0x20008c34      0x4  igmp.o [5]
  .bss                 zero     0x20008c38      0x4  igmp.o [5]
  .bss                 zero     0x20008c3c      0x4  igmp.o [5]
  .bss                 zero     0x20008c40      0x4  igmp.o [5]
  .bss                 zero     0x20008c44      0x4  lwiptcpip.o [5]
  .bss                 zero     0x20008c48      0x4  lwiptcpip.o [5]
  .bss                 zero     0x20008c4c      0x4  lwiptcpip.o [5]
  .bss                 zero     0x20008c50      0x4  wwd_internal.o [5]
  .bss                 zero     0x20008c54      0x4  lwiptimers.o [5]
  .bss                 zero     0x20008c58      0x4  lwiptimers.o [5]
  .bss                 zero     0x20008c5c      0x4  wiced_ping.o [5]
  .bss                 zero     0x20008c60      0x4  netif.o [5]
  .bss                 zero     0x20008c64      0x4  netif.o [5]
  .bss                 zero     0x20008c68      0x4  raw.o [5]
  .bss                 zero     0x20008c6c      0x4  xgetmemchunk.o [3]
  .bss                 zero     0x20008c70      0x2  mico_platform_common.o [1]
  .bss                 zero     0x20008c72      0x2  SDPCM.o [5]
  .bss                 zero     0x20008c74      0x2  tcp.o [5]
  .bss                 zero     0x20008c76      0x2  tcp_in.o [5]
  .bss                 zero     0x20008c78      0x2  ip.o [5]
  .bss                 zero     0x20008c7a      0x2  wiced_network.o [5]
  .bss                 zero     0x20008c7c      0x2  wiced_ping.o [5]
  .bss                 zero     0x20008c7e      0x1  paltform_rtc.o [1]
  .bss                 zero     0x20008c7f      0x1  printbuf.o [1]
  .bss                 zero     0x20008c80      0x1  wifimgr.o [5]
  .bss                 zero     0x20008c81      0x1  wifimgr.o [5]
  .bss                 zero     0x20008c82      0x1  wifimgr.o [5]
  .bss                 zero     0x20008c83      0x1  SDPCM.o [5]
  .bss                 zero     0x20008c84      0x1  SDPCM.o [5]
  .bss                 zero     0x20008c85      0x1  SDPCM.o [5]
  .bss                 zero     0x20008c86      0x1  SDPCM.o [5]
  .bss                 zero     0x20008c87      0x1  SDPCM.o [5]
  .bss                 zero     0x20008c88      0x1  SDPCM.o [5]
  .bss                 zero     0x20008c89      0x1  SDPCM.o [5]
  .bss                 zero     0x20008c8a      0x1  wwd_thread.o [5]
  .bss                 zero     0x20008c8b      0x1  wwd_thread.o [5]
  .bss                 zero     0x20008c8c      0x1  wwd_thread.o [5]
  .bss                 zero     0x20008c8d      0x1  easylink.o [5]
  .bss                 zero     0x20008c8e      0x1  easylink.o [5]
  .bss                 zero     0x20008c8f      0x1  wps_host.o [5]
  .bss                 zero     0x20008c90      0x1  wps_host.o [5]
  .bss                 zero     0x20008c91      0x1  dns.o [5]
  .bss                 zero     0x20008c92      0x1  tcp.o [5]
  .bss                 zero     0x20008c93      0x1  wifi.o [5]
  .bss                 zero     0x20008c94      0x1  tcp_in.o [5]
  .bss                 zero     0x20008c95      0x1  tcp_in.o [5]
  .bss                 zero     0x20008c96      0x1  wwd_wifi.o [5]
  .bss                 zero     0x20008c97      0x1  wwd_wifi.o [5]
  .bss                 zero     0x20008c98      0x1  etharp.o [5]
  .bss                 zero     0x20008c99      0x1  wiced_network.o [5]
  .bss                 zero     0x20008c9a      0x1  wiced_network.o [5]
  .bss                 zero     0x20008c9b      0x1  wwd_ap.o [5]
  .bss                 zero     0x20008c9c      0x1  wwd_bus_protocol.o [5]
  .bss                 zero     0x20008c9d      0x1  wwd_bus_protocol.o [5]
  .bss                 zero     0x20008c9e      0x1  netif.o [5]
  CSTACK                        0x20008ca0    0x200  <Block>
    CSTACK             uninit   0x20008ca0    0x200  <Block tail>
  HEAP                          0x20008ea0  0x14a00  <Block>
    HEAP               uninit   0x20008ea0  0x14a00  <Block tail>
                              - 0x2001d8a0  0x1d8a0


*******************************************************************************
*** INIT TABLE
***

          Address     Size
          -------     ----
Zero (__iar_zero_init3)
    1 destination range, total size 0x88d3:
          0x200003cc  0x88d3

Copy/packbits (__iar_packbits_init3)
    1 source range, total size 0x165 (36% of destination):
          0x08043db4   0x165
    1 destination range, total size 0x3c9:
          0x20000000   0x3c9

Extra (__iar_cstart_call_ctors)



*******************************************************************************
*** MODULE SUMMARY
***

    Module                     ro code  ro data  rw data
    ------                     -------  -------  -------
Z:\USB2WiFi\MICO-master\Build\COM.MXCHIP.SPP\MiCOKit-3162\obj_EWARM: [1]
    EasyLink.o                   6 928                20
    EasyLinkSoftAP.o             3 688                 4
    HTTPUtils.o                  4 976
    LocalTcpServer.o             2 476                 4
    MDNSUtils.o                  3 400        9       28
    MICOAppEntrance.o            1 084             2 064
    MICOBonjour.o                1 112                 4
    MICOCli.o                    3 048      508       88
    MICOConfig.o                             11       12
    MICOConfigDelegate.o         4 632       20       12
    MICOConfigMenu.o             1 812
    MICOConfigServer.o           5 172                 4
    MICOEntrance.o               5 664                24
    MICOMfgtest.o                1 076                64
    MICONTPClient.o              1 352                 8
    MICONotificationCenter.o     1 048                84
    MICOParaStorage.o            1 064                 4
    MICOSystemMonitor.o            488                20
    RemoteTcpClient.o            1 612                 8
    Retarget.o                      20
    RingBufferUtils.o               94
    SocketUtils.o                  744
    SppProtocol.o                  564                 4
    StringUtils.o                2 520
    URLUtils.o                     362
    UartRecv.o                     276
    arraylist.o                    212
    crt0_EWARM.o                    28
    hardfault.o                    932
    json_object.o                1 512       39        8
    json_tokener.o               3 884        1        4
    json_util.o                    228
    linkhash.o                     844
    mico_platform_common.o         892                38
    misc.o                         152
[...]
vTaskSuspendAll         0x0800ed75    0x10  Code  Gb  tasks.o [5]
vTaskSwitchContext      0x0800f031    0x98  Code  Gb  tasks.o [5]
valid_dir               0x200003a4     0x4  Data  Lc  airkiss.o [5]
valid_ssid              0x200003c8     0x1  Data  Lc  airkiss.o [5]
vprintf                 0x0803bdc9    0x18  Code  Gb  vprintf.o [3]
vsnprintf               0x0802fc1d    0x3c  Code  Gb  vsnprint.o [3]
vsprintf                0x0803bd9d    0x2c  Code  Gb  vsprintf.o [3]
wiced_abort_read        0x0802e37b    0x4e  Code  Gb  wwd_bus_protocol.o [5]
wiced_bus_allow_wlan_bus_to_sleep
                        0x0802e499    0x22  Code  Gb  wwd_bus_protocol.o [5]
wiced_bus_deinit        0x0802deb5    0x14  Code  Gb  wwd_bus_protocol.o [5]
wiced_bus_ensure_wlan_bus_is_up
                        0x0802e3fb    0x72  Code  Gb  wwd_bus_protocol.o [5]
wiced_bus_flow_controlled
                        0x20008c9d     0x1  Data  Lc  wwd_bus_protocol.o [5]
wiced_bus_init          0x0802dbb1   0x304  Code  Gb  wwd_bus_protocol.o [5]
wiced_bus_interrupt     0x20008c8c     0x1  Data  Lc  wwd_thread.o [5]
wiced_bus_is_flow_controlled
                        0x0802e493     0x6  Code  Gb  wwd_bus_protocol.o [5]
wiced_bus_poke_wlan     0x0802e46d     0xe  Code  Gb  wwd_bus_protocol.o [5]
wiced_bus_process_interrupt
                        0x0802dec9    0x22  Code  Gb  wwd_bus_protocol.o [5]
wiced_bus_set_flow_control
                        0x0802e47b    0x18  Code  Gb  wwd_bus_protocol.o [5]
wiced_bus_transfer_buffer
                        0x0802db79    0x38  Code  Gb  wwd_bus_protocol.o [5]
wiced_bus_transfer_bytes
                        0x0802e0d1    0x16  Code  Gb  wwd_bus_protocol.o [5]
wiced_device_core_is_up
                        0x0803807d    0x5c  Code  Gb  wwd_internal.o [5]
wiced_dhcp_handle       0x20008570    0x3c  Data  Gb  wiced_network.o [5]
wiced_disable_device_core
                        0x080380d9    0x9e  Code  Gb  wwd_internal.o [5]
wiced_dns_redirector_start
                        0x08027ca5    0x42  Code  Gb  dns_redirect.o [5]
wiced_dns_redirector_stop
                        0x08027ce7    0x30  Code  Gb  dns_redirect.o [5]
wiced_download_firmware
                        0x0802e281    0xfa  Code  Lc  wwd_bus_protocol.o [5]
wiced_get_available_bus_credits
                        0x08028d51     0xe  Code  Gb  SDPCM.o [5]
wiced_get_core_address  0x08038071     0xc  Code  Lc  wwd_internal.o [5]
wiced_get_ioctl_buffer  0x08028c9d    0x26  Code  Gb  SDPCM.o [5]
wiced_get_iovar_buffer  0x08028c35    0x68  Code  Gb  SDPCM.o [5]
wiced_get_mac_addr      0x0801e8a1    0x10  Code  Gb  wwd_management.o [5]
wiced_get_next_buffer_in_queue
                        0x08028def     0xa  Code  Lc  SDPCM.o [5]
wiced_get_packet_to_send
                        0x08028cc3    0x8e  Code  Gb  SDPCM.o [5]
wiced_gpio_input_get    0x08012991    0x14  Code  Gb  mico_platform_common.o [1]
wiced_handle_apsta_event
                        0x08027e6d    0x2e  Code  Lc  wwd_ap.o [5]
wiced_init              0x08018349    0x84  Code  Gb  wifi.o [5]
wiced_init_sdpcm        0x08028365    0xe4  Code  Gb  SDPCM.o [5]
wiced_inited            0x20008c8b     0x1  Data  Lc  wwd_thread.o [5]
wiced_initialised       0x20008c93     0x1  Data  Lc  wifi.o [5]
wiced_ioctl_response    0x20008abc     0x4  Data  Lc  SDPCM.o [5]
wiced_ioctl_sleep       0x20008ac0     0x4  Data  Lc  SDPCM.o [5]
wiced_ip_broadcast      0x080435e8    0x14  Data  Gb  wiced_network.o [5]
wiced_ip_down           0x080276a1    0x7e  Code  Gb  wiced_network.o [5]
wiced_ip_get_gateway_address
                        0x0801ac29    0x24  Code  Gb  tcpip.o [5]
wiced_ip_get_ipaddr     0x0801ac71    0x56  Code  Gb  tcpip.o [5]
wiced_ip_get_ipv4_address
                        0x0801afeb    0x24  Code  Gb  tcpip.o [5]
wiced_ip_get_netmask    0x0801ac4d    0x24  Code  Gb  tcpip.o [5]
wiced_ip_handle         0x20007dec    0x88  Data  Gb  wiced_network.o [5]
wiced_ip_up             0x08027431   0x270  Code  Gb  wiced_network.o [5]
wiced_join_events_handler
                        0x0801d269   0x12a  Code  Lc  wwd_wifi.o [5]
wiced_join_status       0x20008bfc     0x4  Data  Gb  wwd_wifi.o [5]
wiced_mac_addr          0x20008a2c     0x8  Data  Lc  wwd_management.o [5]
wiced_management_init   0x0801e68d    0x1e  Code  Gb  wwd_management.o [5]
wiced_management_set_event_handler
                        0x08028a99     0xa  Code  Gb  SDPCM.o [5]
wiced_management_wifi_off
                        0x0801e851    0x50  Code  Gb  wwd_management.o [5]
wiced_management_wifi_on
                        0x0801e6ab   0x1a6  Code  Gb  wwd_management.o [5]
wiced_network_init      0x0802737d    0xa2  Code  Gb  wiced_network.o [5]
wiced_network_link_renew_handler
                        0x0802771f    0x18  Code  Gb  wiced_network.o [5]
wiced_network_send_ethernet_data
                        0x080284c7    0x8a  Code  Gb  SDPCM.o [5]
wiced_networking_worker_thread
                        0x200089f4     0x8  Data  Gb  wiced_rtos.o [5]
wiced_packet_create_tcp
                        0x0801aebb    0x6c  Code  Gb  tcpip.o [5]
wiced_packet_create_udp
                        0x0801af27    0x12  Code  Gb  tcpip.o [5]
wiced_packet_delete     0x0801af39     0xa  Code  Gb  tcpip.o [5]
wiced_packet_get_data   0x0801af75    0x76  Code  Gb  tcpip.o [5]
wiced_packet_set_data_end
                        0x0801af43    0x16  Code  Gb  tcpip.o [5]
wiced_ping              0x0801ac01    0x28  Code  Gb  tcpip.o [5]
wiced_ping_send         0x0802b64d    0x8c  Code  Gb  wiced_ping.o [5]
wiced_platform_notify_irq
                        0x0802e607    0x1a  Code  Gb  wwd_thread.o [5]
wiced_process_bus_credit_update
                        0x08028551    0x6c  Code  Gb  SDPCM.o [5]
wiced_process_sdpcm     0x080285bd   0x314  Code  Gb  SDPCM.o [5]
wiced_quit_sdpcm        0x08028449    0x4e  Code  Gb  SDPCM.o [5]
wiced_read_backplane_value
                        0x0802e07d    0x36  Code  Gb  wwd_bus_protocol.o [5]
wiced_read_frame        0x0802deeb   0x160  Code  Gb  wwd_bus_protocol.o [5]
wiced_read_register_value
                        0x0802e3c9    0x32  Code  Lc  wwd_bus_protocol.o [5]
wiced_receive_one_packet
                        0x0802e5bf    0x20  Code  Gb  wwd_thread.o [5]
wiced_reset_device_core
                        0x08038177    0x9e  Code  Gb  wwd_internal.o [5]
wiced_rtos_create_thread
                        0x08011a2d    0x4e  Code  Gb  wiced_rtos.o [5]
wiced_rtos_create_worker_thread
                        0x08011c93    0x5a  Code  Gb  wiced_rtos.o [5]
wiced_rtos_deinit_queue
                        0x08011bd3     0xc  Code  Gb  wiced_rtos.o [5]
wiced_rtos_deinit_timer
                        0x08011c55    0x22  Code  Gb  wiced_rtos.o [5]
wiced_rtos_delay_milliseconds
                        0x08011add     0xa  Code  Gb  wiced_rtos.o [5]
wiced_rtos_delete_thread
                        0x08011a7b    0x24  Code  Gb  wiced_rtos.o [5]
wiced_rtos_deregister_timed_event
                        0x08011d35    0x24  Code  Gb  wiced_rtos.o [5]
wiced_rtos_get_semaphore
                        0x08011b09    0x22  Code  Gb  wiced_rtos.o [5]
wiced_rtos_init         0x08011a0b    0x22  Code  Gb  wiced_rtos.o [5]
wiced_rtos_init_queue   0x08011b71    0x1e  Code  Gb  wiced_rtos.o [5]
wiced_rtos_init_semaphore
                        0x08011ae7    0x22  Code  Gb  wiced_rtos.o [5]
wiced_rtos_init_timer   0x08011bf5    0x36  Code  Gb  wiced_rtos.o [5]
wiced_rtos_is_current_thread
                        0x08011ab9    0x18  Code  Gb  wiced_rtos.o [5]
wiced_rtos_pop_from_queue
                        0x08011bb1    0x22  Code  Gb  wiced_rtos.o [5]
wiced_rtos_push_to_queue
                        0x08011b8f    0x22  Code  Gb  wiced_rtos.o [5]
wiced_rtos_register_timed_event
                        0x08011ced    0x48  Code  Gb  wiced_rtos.o [5]
wiced_rtos_send_asynchronous_event
                        0x08011d59    0x14  Code  Gb  wiced_rtos.o [5]
wiced_rtos_set_semaphore
                        0x08011b2b    0x46  Code  Gb  wiced_rtos.o [5]
wiced_rtos_start_timer  0x08011c2b    0x2a  Code  Gb  wiced_rtos.o [5]
wiced_rtos_thread_force_awake
                        0x08011ad1     0xc  Code  Gb  wiced_rtos.o [5]
wiced_rtos_thread_join  0x08011a9f    0x1a  Code  Gb  wiced_rtos.o [5]
wiced_sdio_redirect_oob_interrupt
                        0x0802e4bb    0x36  Code  Lc  wwd_bus_protocol.o [5]
wiced_sdio_transfer     0x0802e0e7    0x92  Code  Lc  wwd_bus_protocol.o [5]
wiced_sdpcm_ioctl_mutex
                        0x20008ab8     0x4  Data  Lc  SDPCM.o [5]
wiced_sdpcm_send_queue_head
                        0x20008acc     0x4  Data  Lc  SDPCM.o [5]
wiced_sdpcm_send_queue_mutex
                        0x20008ac8     0x4  Data  Lc  SDPCM.o [5]
wiced_sdpcm_send_queue_tail
                        0x20008ad0     0x4  Data  Lc  SDPCM.o [5]
wiced_send_ioctl        0x080288d5   0x1c4  Code  Gb  SDPCM.o [5]
wiced_send_iovar        0x08028497    0x30  Code  Gb  SDPCM.o [5]
wiced_send_one_packet   0x0802e583    0x3c  Code  Gb  wwd_thread.o [5]
wiced_send_sdpcm_common
                        0x08028d5f    0x90  Code  Lc  SDPCM.o [5]
wiced_set_backplane_window
                        0x08037fc9    0xa8  Code  Gb  wwd_internal.o [5]
wiced_set_next_buffer_in_queue
                        0x08028df9     0xe  Code  Lc  SDPCM.o [5]
wiced_start_dhcp_server
                        0x08035981    0x58  Code  Gb  dhcp_server.o [5]
wiced_stop_dhcp         0x08027737     0x8  Code  Gb  wiced_network.o [5]
wiced_stop_dhcp_server  0x080359d9    0x2a  Code  Gb  dhcp_server.o [5]
wiced_tcp_bind          0x0801adcf    0x4a  Code  Gb  tcpip.o [5]
wiced_tcp_connect       0x0801ad25    0xaa  Code  Gb  tcpip.o [5]
wiced_tcp_create_socket
                        0x0801acc7    0x5e  Code  Gb  tcpip.o [5]
wiced_tcp_send_packet   0x0801ae19    0x20  Code  Gb  tcpip.o [5]
wiced_tcp_start_tls     0x0802b7e3     0x6  Code  Gb  mxchipbesl.o [5]
wiced_thread            0x20008ae4     0x4  Data  Lc  wwd_thread.o [5]
wiced_thread_func       0x0802e635    0x9e  Code  Lc  wwd_thread.o [5]
wiced_thread_init       0x0802e535    0x4e  Code  Gb  wwd_thread.o [5]
wiced_thread_notify     0x0802e621    0x14  Code  Gb  wwd_thread.o [5]
wiced_thread_quit       0x0802e5df    0x28  Code  Gb  wwd_thread.o [5]
wiced_thread_quit_flag  0x20008c8a     0x1  Data  Lc  wwd_thread.o [5]
wiced_tls_encrypt_packet
                        0x0802b7dd     0x6  Code  Gb  mxchipbesl.o [5]
wiced_transceive_semaphore
                        0x20008ae8     0x4  Data  Lc  wwd_thread.o [5]
wiced_udp_create_socket
                        0x0801b00f    0x7c  Code  Gb  tcpip.o [5]
wiced_udp_delete_socket
                        0x0801b145    0x1e  Code  Gb  tcpip.o [5]
wiced_udp_packet_get_info
                        0x0801af59    0x1c  Code  Gb  tcpip.o [5]
wiced_udp_receive       0x0801b107    0x3e  Code  Gb  tcpip.o [5]
wiced_udp_send          0x0801b08b    0x7c  Code  Gb  tcpip.o [5]
wiced_using_dhcp        0x20008c99     0x1  Data  Lc  wiced_network.o [5]
wiced_wifi_add_packet_filter
                        0x0801d985    0x86  Code  Gb  wwd_wifi.o [5]
wiced_wifi_ap_is_up     0x20008c9b     0x1  Data  Gb  wwd_ap.o [5]
wiced_wifi_cooee_stop   0x0801dfcf    0x38  Code  Lc  easylink2.o [5]
wiced_wifi_disable_monitor_mode
                        0x0801d83d    0x5c  Code  Gb  wwd_wifi.o [5]
wiced_wifi_disable_packet_filter
                        0x0801da4f     0xc  Code  Gb  wwd_wifi.o [5]
wiced_wifi_enable_monitor_mode
                        0x0801d7e1    0x5c  Code  Gb  wwd_wifi.o [5]
wiced_wifi_enable_packet_filter
                        0x0801da43     0xc  Code  Gb  wwd_wifi.o [5]
wiced_wifi_enable_powersave_with_throughput
                        0x0801d48d    0x8a  Code  Gb  wwd_wifi.o [5]
wiced_wifi_get_ap_name  0x0801da9d    0x68  Code  Gb  wwd_wifi.o [5]
wiced_wifi_get_channel  0x0801d8c9     0xc  Code  Gb  wwd_wifi.o [5]
wiced_wifi_get_mac_address
                        0x0801d393    0x4e  Code  Gb  wwd_wifi.o [5]
wiced_wifi_get_pmk      0x0801d529    0x86  Code  Gb  wwd_wifi.o [5]
wiced_wifi_get_rssi     0x0801d795    0x4c  Code  Gb  wwd_wifi.o [5]
wiced_wifi_get_wifi_version
                        0x0801db61    0x52  Code  Gb  wwd_wifi.o [5]
wiced_wifi_is_packet_from_ap
                        0x080282f1     0xe  Code  Gb  wwd_ap.o [5]
wiced_wifi_is_ready_to_transceive
                        0x0801d419    0x70  Code  Gb  wwd_wifi.o [5]
wiced_wifi_join         0x0801cc2b   0x108  Code  Gb  wwd_wifi.o [5]
wiced_wifi_join_specific
                        0x0801cd33   0x13a  Code  Gb  wwd_wifi.o [5]
wiced_wifi_leave        0x0801d203    0x66  Code  Gb  wwd_wifi.o [5]
wiced_wifi_prepare_join
                        0x0801ce6d   0x396  Code  Lc  wwd_wifi.o [5]
wiced_wifi_register_multicast_address
                        0x0801d5af    0xd0  Code  Gb  wwd_wifi.o [5]
wiced_wifi_remove_packet_filter
                        0x0801da15    0x2e  Code  Gb  wwd_wifi.o [5]
wiced_wifi_scan         0x0801c7f1   0x12c  Code  Gb  wwd_wifi.o [5]
wiced_wifi_scan_networks
                        0x080183cd   0x11c  Code  Gb  wifi.o [5]
wiced_wifi_set_channel  0x0801d913     0xc  Code  Gb  wwd_wifi.o [5]
wiced_wifi_set_down     0x0801d8a1    0x20  Code  Gb  wwd_wifi.o [5]
wiced_wifi_set_maxassoc
                        0x0801dbb3    0x2c  Code  Gb  wwd_wifi.o [5]
wiced_wifi_set_nmode    0x0801d3e1    0x2e  Code  Gb  wwd_wifi.o [5]
wiced_wifi_sleep_flag   0x20008c30     0x4  Data  Lc  wwd_ap.o [5]
wiced_wifi_start_ap     0x08027e9b   0x332  Code  Gb  wwd_ap.o [5]
wiced_wifi_stop_ap      0x080281d1    0xea  Code  Gb  wwd_ap.o [5]
wiced_wifi_toggle_packet_filter
                        0x0801da5b    0x32  Code  Gb  wwd_wifi.o [5]
wiced_wifi_unregister_multicast_address
                        0x0801d67f    0xf0  Code  Gb  wwd_wifi.o [5]
wiced_wlan_status       0x2000034c     0xc  Data  Gb  wwd_internal.o [5]
wiced_write_backplane_value
                        0x0802e04b    0x32  Code  Gb  wwd_bus_protocol.o [5]
wiced_write_register_value
                        0x0802e0b3    0x1e  Code  Gb  wwd_bus_protocol.o [5]
wiced_write_wifi_firmware_image
                        0x08038229    0xbe  Code  Gb  wwd_firmware.o [5]
wiced_write_wifi_nvram_image
                        0x080382e7   0x160  Code  Gb  wwd_firmware.o [5]
wifi_control_pins       0x08041ec4    0x28  Data  Gb  platform.o [1]
wifi_join_aping         0x20008c97     0x1  Data  Lc  wwd_wifi.o [5]
wifi_nvram_image        0x0804185c   0x30c  Data  Lc  wwd_firmware.o [5]
wifi_power_down         0x0801275d    0x26  Code  Gb  mxchipWNET.o [5]
wifi_power_is_down      0x20008a6c     0x4  Data  Lc  mxchipWNET.o [5]
wifi_reboot_event       0x0801089b    0x16  Code  Gb  MICONotificationCenter.o [1]
wifi_reboot_only        0x08019b25    0x36  Code  Gb  wifimgr.o [5]
wifi_sdio_pins          0x08041eec    0x38  Data  Gb  platform.o [1]
wifi_status_callback    0x08012273    0x74  Code  Gb  mxchipWNET.o [5]
wifidebug_Command       0x0801a149    0x70  Code  Gb  wifimgr.o [5]
wifimgr_debug_enable    0x08018789    0x1c  Code  Gb  wifimgr.o [5]
wifimgr_sem             0x20008a90     0x4  Data  Lc  wifimgr.o [5]
wifimgr_thread          0x08019c95   0x10a  Code  Lc  wifimgr.o [5]
wifiscan_Command        0x0801a1fd   0x268  Code  Gb  wifimgr.o [5]
wifistate_Command       0x08019f5d   0x1ec  Code  Gb  wifimgr.o [5]
wlan_disconnect         0x080190d1    0x32  Code  Gb  wifimgr.o [5]
wlan_driver_version     0x08012807     0xa  Code  Gb  mxchipWNET.o [5]
wlan_get_mac_address    0x080199f9     0x8  Code  Gb  wifimgr.o [5]
wlan_init               0x08019b03    0x1a  Code  Gb  wifimgr.o [5]
wlu_is_ali_ie           0x08037303    0x36  Code  Lc  easylink.o [5]
wlu_is_wpa_ie           0x0801db2b    0x36  Code  Lc  wwd_wifi.o [5]
wlu_parse_tlvs          0x080372dd    0x26  Code  Lc  easylink.o [5]
wlu_parse_tlvs          0x0801db05    0x26  Code  Lc  wwd_wifi.o [5]
work_channel            0x20008b58     0x4  Data  Lc  airkiss.o [5]
worker_thread_main      0x08011c77    0x1c  Code  Lc  wiced_rtos.o [5]
workspace               0x20008b8c     0x4  Data  Lc  easylink2.o [5]
wps_running             0x20008c90     0x1  Data  Lc  wps_host.o [5]
write                   0x08012637     0xa  Code  Gb  mxchipWNET.o [5]
wwd_management_set_event_handler
                        0x08028aa3   0x192  Code  Gb  SDPCM.o [5]
wwd_wifi_get_channel    0x0801d8d5    0x3e  Code  Gb  wwd_wifi.o [5]
wwd_wifi_set_channel    0x0801d91f    0x62  Code  Gb  wwd_wifi.o [5]
xActiveTimerList1       0x200088a8    0x14  Data  Lc  ostimers.o [5]
xActiveTimerList2       0x200088bc    0x14  Data  Lc  ostimers.o [5]
xDelayedTaskList1       0x200088d0    0x14  Data  Lc  tasks.o [5]
xDelayedTaskList2       0x200088e4    0x14  Data  Lc  tasks.o [5]
xMissedYield            0x20008b30     0x4  Data  Lc  tasks.o [5]
xNextTaskUnblockTime    0x200003a0     0x4  Data  Lc  tasks.o [5]
xNumOfOverflows         0x20008b34     0x4  Data  Lc  tasks.o [5]
xPendingReadyList       0x200088f8    0x14  Data  Lc  tasks.o [5]
xPortPendSVHandler      0x0800faff          Code  Gb  portasm.o [5]
xPortStartScheduler     0x0800f637    0x2c  Code  Gb  port.o [5]
xPortSysTickHandler     0x0800f699    0x1a  Code  Gb  port.o [5]
xQueueCreateCountingSemaphore
                        0x0801031f    0x14  Code  Gb  queue.o [5]
xQueueCreateMutex       0x080102c3    0x5c  Code  Gb  queue.o [5]
xQueueGenericCreate     0x08010245    0x7e  Code  Gb  queue.o [5]
xQueueGenericReceive    0x0801045d   0x156  Code  Gb  queue.o [5]
xQueueGenericSend       0x08010333    0xd4  Code  Gb  queue.o [5]
xQueueGenericSendFromISR
                        0x08010407    0x56  Code  Gb  queue.o [5]
xSchedulerRunning       0x20008b24     0x4  Data  Lc  tasks.o [5]
xSuspendedTaskList      0x20008920    0x14  Data  Lc  tasks.o [5]
xTaskCheckForTimeOut    0x0800f19f    0x60  Code  Gb  tasks.o [5]
xTaskForceAwakeClearPending
                        0x0800ed1d     0xc  Code  Gb  tasks.o [5]
xTaskForceAwakePending  0x0800ed13     0xa  Code  Gb  tasks.o [5]
xTaskGenericCreate      0x0800ea75   0x130  Code  Gb  tasks.o [5]
xTaskGetCurrentTaskHandle
                        0x0800f4ff     0x6  Code  Gb  tasks.o [5]
xTaskGetCurrentThread   0x0800ecbf     0x8  Code  Gb  tasks.o [5]
xTaskGetSchedulerState  0x0800f505    0x1c  Code  Gb  tasks.o [5]
xTaskGetTickCount       0x0800ee57    0x14  Code  Gb  tasks.o [5]
xTaskGetTickCountFromISR
                        0x0800ee6b    0x16  Code  Gb  tasks.o [5]
xTaskIsTaskFinished     0x0800ec4f    0x70  Code  Gb  tasks.o [5]
xTaskRemoveFromEventList
                        0x0800f12d    0x62  Code  Gb  tasks.o [5]
xTaskResumeAll          0x0800ed85    0xd2  Code  Gb  tasks.o [5]
xTasksWaitingTermination
                        0x2000890c    0x14  Data  Lc  tasks.o [5]
xTickCount              0x20008b18     0x4  Data  Lc  tasks.o [5]
xTimerCreate            0x0800f7c3    0x4c  Code  Gb  ostimers.o [5]
xTimerCreateTimerTask   0x0800f789    0x3a  Code  Gb  ostimers.o [5]
xTimerGenericCommand    0x0800f80f    0x52  Code  Gb  ostimers.o [5]
xTimerQueue             0x20008afc     0x4  Data  Lc  ostimers.o [5]
xorbuf                  0x080363bf    0x3e  Code  Lc  aes.o [5]


[1] = Z:\USB2WiFi\MICO-master\Build\COM.MXCHIP.SPP\MiCOKit-3162\obj_EWARM
[2] = command line
[3] = dl7M_tlf.a
[4] = m7M_tl.a
[5] = mxchipWNet_cm3_sdio.a
[6] = rt7M_tl.a
[7] = shb_l.a

  210 512 bytes of readonly  code memory
   18 633 bytes of readonly  data memory
  120 991 bytes of readwrite data memory

Errors: none
Warnings: none
